Archive member included to satisfy reference by file (symbol)

../Lab4Task2_bsp/\libhal_bsp.a(alt_irq_register.o)
                              obj/default/hello_world_small.o (alt_irq_register)
../Lab4Task2_bsp/\libhal_bsp.a(alt_irq_vars.o)
                              ../Lab4Task2_bsp/\libhal_bsp.a(alt_irq_register.o) (alt_irq_active)
../Lab4Task2_bsp/\libhal_bsp.a(alt_load.o)
                              ../Lab4Task2_bsp//obj/HAL/src/crt0.o (alt_load)
../Lab4Task2_bsp/\libhal_bsp.a(alt_main.o)
                              ../Lab4Task2_bsp//obj/HAL/src/crt0.o (alt_main)
../Lab4Task2_bsp/\libhal_bsp.a(alt_printf.o)
                              obj/default/hello_world_small.o (alt_printf)
../Lab4Task2_bsp/\libhal_bsp.a(alt_putchar.o)
                              ../Lab4Task2_bsp/\libhal_bsp.a(alt_printf.o) (alt_putchar)
../Lab4Task2_bsp/\libhal_bsp.a(alt_sys_init.o)
                              ../Lab4Task2_bsp/\libhal_bsp.a(alt_main.o) (alt_irq_init)
../Lab4Task2_bsp/\libhal_bsp.a(altera_avalon_jtag_uart_write.o)
                              ../Lab4Task2_bsp/\libhal_bsp.a(alt_putchar.o) (altera_avalon_jtag_uart_write)
../Lab4Task2_bsp/\libhal_bsp.a(altera_up_avalon_accelerometer_spi.o)
                              obj/default/hello_world_small.o (alt_up_accelerometer_spi_open_dev)
../Lab4Task2_bsp/\libhal_bsp.a(alt_dcache_flush_all.o)
                              ../Lab4Task2_bsp/\libhal_bsp.a(alt_load.o) (alt_dcache_flush_all)
../Lab4Task2_bsp/\libhal_bsp.a(alt_dev.o)
                              ../Lab4Task2_bsp/\libhal_bsp.a(alt_sys_init.o) (alt_dev_list)
../Lab4Task2_bsp/\libhal_bsp.a(alt_dev_llist_insert.o)
                              ../Lab4Task2_bsp/\libhal_bsp.a(alt_sys_init.o) (alt_dev_llist_insert)
../Lab4Task2_bsp/\libhal_bsp.a(alt_errno.o)
                              ../Lab4Task2_bsp/\libhal_bsp.a(alt_dev_llist_insert.o) (alt_errno)
../Lab4Task2_bsp/\libhal_bsp.a(alt_find_dev.o)
                              ../Lab4Task2_bsp/\libhal_bsp.a(altera_up_avalon_accelerometer_spi.o) (alt_find_dev)
../Lab4Task2_bsp/\libhal_bsp.a(alt_icache_flush_all.o)
                              ../Lab4Task2_bsp/\libhal_bsp.a(alt_load.o) (alt_icache_flush_all)
../Lab4Task2_bsp/\libhal_bsp.a(alt_irq_entry.o)
                              ../Lab4Task2_bsp/\libhal_bsp.a(alt_irq_register.o) (alt_irq_entry)
../Lab4Task2_bsp/\libhal_bsp.a(alt_irq_handler.o)
                              ../Lab4Task2_bsp/\libhal_bsp.a(alt_irq_register.o) (alt_irq_handler)
../Lab4Task2_bsp/\libhal_bsp.a(altera_nios2_gen2_irq.o)
                              ../Lab4Task2_bsp/\libhal_bsp.a(alt_sys_init.o) (altera_nios2_gen2_irq_init)
../Lab4Task2_bsp/\libhal_bsp.a(alt_exception_entry.o)
                              ../Lab4Task2_bsp/\libhal_bsp.a(alt_irq_entry.o) (alt_exception)
../Lab4Task2_bsp/\libhal_bsp.a(alt_instruction_exception_entry.o)
                              ../Lab4Task2_bsp/\libhal_bsp.a(alt_exception_entry.o) (alt_instruction_exception_entry)
c:/intelfpga_lite/18.1/nios2eds/bin/gnu/h-x86_64-mingw32/bin/../lib/gcc/nios2-elf/5.3.0/../../../../../H-x86_64-mingw32/nios2-elf/lib/mno-hw-mul\libsmallc.a(lib_a-int_errno.o)
                              ../Lab4Task2_bsp/\libhal_bsp.a(alt_dev_llist_insert.o) (errno)
c:/intelfpga_lite/18.1/nios2eds/bin/gnu/h-x86_64-mingw32/bin/../lib/gcc/nios2-elf/5.3.0/../../../../../H-x86_64-mingw32/nios2-elf/lib/mno-hw-mul\libsmallc.a(lib_a-memcmp.o)
                              ../Lab4Task2_bsp/\libhal_bsp.a(alt_find_dev.o) (memcmp)
c:/intelfpga_lite/18.1/nios2eds/bin/gnu/h-x86_64-mingw32/bin/../lib/gcc/nios2-elf/5.3.0/../../../../../H-x86_64-mingw32/nios2-elf/lib/mno-hw-mul\libsmallc.a(lib_a-strlen.o)
                              ../Lab4Task2_bsp/\libhal_bsp.a(alt_find_dev.o) (strlen)

Allocating common symbols
Common symbol       size              file

alt_irq             0x100             ../Lab4Task2_bsp/\libhal_bsp.a(alt_irq_handler.o)
errno               0x4               c:/intelfpga_lite/18.1/nios2eds/bin/gnu/h-x86_64-mingw32/bin/../lib/gcc/nios2-elf/5.3.0/../../../../../H-x86_64-mingw32/nios2-elf/lib/mno-hw-mul\libsmallc.a(lib_a-int_errno.o)
led                 0x1               obj/default/hello_world_small.o
level               0x4               obj/default/hello_world_small.o

Memory Configuration

Name             Origin             Length             Attributes
reset            0x0000000000010000 0x0000000000000020
onchip_memory    0x0000000000010020 0x000000000000ffe0
*default*        0x0000000000000000 0xffffffffffffffff

Linker script and memory map

LOAD ../Lab4Task2_bsp//obj/HAL/src/crt0.o
LOAD obj/default/hello_world_small.o
LOAD c:/intelfpga_lite/18.1/nios2eds/bin/gnu/h-x86_64-mingw32/bin/../lib/gcc/nios2-elf/5.3.0/../../../../../H-x86_64-mingw32/nios2-elf/lib/mno-hw-mul\libstdc++.a
LOAD c:/intelfpga_lite/18.1/nios2eds/bin/gnu/h-x86_64-mingw32/bin/../lib/gcc/nios2-elf/5.3.0/../../../../../H-x86_64-mingw32/nios2-elf/lib/mno-hw-mul\libm.a
LOAD c:/intelfpga_lite/18.1/nios2eds/bin/gnu/h-x86_64-mingw32/bin/../lib/gcc/nios2-elf/5.3.0/mno-hw-mul\libgcc.a
START GROUP
LOAD c:/intelfpga_lite/18.1/nios2eds/bin/gnu/h-x86_64-mingw32/bin/../lib/gcc/nios2-elf/5.3.0/../../../../../H-x86_64-mingw32/nios2-elf/lib/mno-hw-mul\libsmallc.a
LOAD c:/intelfpga_lite/18.1/nios2eds/bin/gnu/h-x86_64-mingw32/bin/../lib/gcc/nios2-elf/5.3.0/mno-hw-mul\libgcc.a
LOAD ../Lab4Task2_bsp/\libhal_bsp.a
LOAD c:/intelfpga_lite/18.1/nios2eds/bin/gnu/h-x86_64-mingw32/bin/../lib/gcc/nios2-elf/5.3.0/../../../../../H-x86_64-mingw32/nios2-elf/lib/mno-hw-mul\libm.a
END GROUP
LOAD c:/intelfpga_lite/18.1/nios2eds/bin/gnu/h-x86_64-mingw32/bin/../lib/gcc/nios2-elf/5.3.0/mno-hw-mul\libgcc.a
                0x0000000000010000                __alt_mem_onchip_memory = 0x10000

.entry          0x0000000000010000       0x20
 *(.entry)
 .entry         0x0000000000010000       0x20 ../Lab4Task2_bsp//obj/HAL/src/crt0.o
                0x0000000000010000                __reset
                0x000000000001000c                _exit

.exceptions     0x0000000000010020      0x160
                0x0000000000010020                PROVIDE (__ram_exceptions_start, ABSOLUTE (.))
                0x0000000000010020                . = ALIGN (0x20)
 *(.irq)
 *(.exceptions.entry.label)
 .exceptions.entry.label
                0x0000000000010020        0x0 ../Lab4Task2_bsp/\libhal_bsp.a(alt_irq_entry.o)
                0x0000000000010020                alt_irq_entry
 .exceptions.entry.label
                0x0000000000010020        0x0 ../Lab4Task2_bsp/\libhal_bsp.a(alt_exception_entry.o)
                0x0000000000010020                alt_exception
 *(.exceptions.entry.user)
 *(.exceptions.entry.ecc_fatal)
 *(.exceptions.entry)
 .exceptions.entry
                0x0000000000010020       0x54 ../Lab4Task2_bsp/\libhal_bsp.a(alt_exception_entry.o)
 *(.exceptions.irqtest.user)
 *(.exceptions.irqtest)
 .exceptions.irqtest
                0x0000000000010074       0x10 ../Lab4Task2_bsp/\libhal_bsp.a(alt_irq_entry.o)
 *(.exceptions.irqhandler.user)
 *(.exceptions.irqhandler)
 .exceptions.irqhandler
                0x0000000000010084        0x4 ../Lab4Task2_bsp/\libhal_bsp.a(alt_irq_entry.o)
 *(.exceptions.irqreturn.user)
 *(.exceptions.irqreturn)
 .exceptions.irqreturn
                0x0000000000010088        0x4 ../Lab4Task2_bsp/\libhal_bsp.a(alt_irq_entry.o)
 *(.exceptions.notirq.label)
 .exceptions.notirq.label
                0x000000000001008c        0x0 ../Lab4Task2_bsp/\libhal_bsp.a(alt_irq_entry.o)
 *(.exceptions.notirq.user)
 *(.exceptions.notirq)
 .exceptions.notirq
                0x000000000001008c        0x8 ../Lab4Task2_bsp/\libhal_bsp.a(alt_exception_entry.o)
 *(.exceptions.soft.user)
 *(.exceptions.soft)
 *(.exceptions.unknown.user)
 *(.exceptions.unknown)
 .exceptions.unknown
                0x0000000000010094       0x14 ../Lab4Task2_bsp/\libhal_bsp.a(alt_exception_entry.o)
 *(.exceptions.exit.label)
 .exceptions.exit.label
                0x00000000000100a8        0x0 ../Lab4Task2_bsp/\libhal_bsp.a(alt_irq_entry.o)
 .exceptions.exit.label
                0x00000000000100a8        0x0 ../Lab4Task2_bsp/\libhal_bsp.a(alt_exception_entry.o)
 *(.exceptions.exit.user)
 *(.exceptions.exit)
 .exceptions.exit
                0x00000000000100a8       0x54 ../Lab4Task2_bsp/\libhal_bsp.a(alt_exception_entry.o)
 *(.exceptions)
 .exceptions    0x00000000000100fc       0x60 ../Lab4Task2_bsp/\libhal_bsp.a(alt_irq_handler.o)
                0x00000000000100fc                alt_irq_handler
 .exceptions    0x000000000001015c       0x24 ../Lab4Task2_bsp/\libhal_bsp.a(alt_instruction_exception_entry.o)
                0x000000000001015c                alt_instruction_exception_entry
                0x0000000000010180                PROVIDE (__ram_exceptions_end, ABSOLUTE (.))
                0x0000000000010020                PROVIDE (__flash_exceptions_start, LOADADDR (.exceptions))

.text           0x0000000000010180      0x8c8
                [!provide]                        PROVIDE (stext, ABSOLUTE (.))
 *(.interp)
 *(.hash)
 *(.dynsym)
 *(.dynstr)
 *(.gnu.version)
 *(.gnu.version_d)
 *(.gnu.version_r)
 *(.rel.init)
 *(.rela.init)
 *(.rel.text .rel.text.* .rel.gnu.linkonce.t.*)
 *(.rela.text .rela.text.* .rela.gnu.linkonce.t.*)
 *(.rel.fini)
 *(.rela.fini)
 *(.rel.rodata .rel.rodata.* .rel.gnu.linkonce.r.*)
 *(.rela.rodata .rela.rodata.* .rela.gnu.linkonce.r.*)
 *(.rel.data .rel.data.* .rel.gnu.linkonce.d.*)
 *(.rela.data .rela.data.* .rela.gnu.linkonce.d.*)
 *(.rel.tdata .rel.tdata.* .rel.gnu.linkonce.td.*)
 *(.rela.tdata .rela.tdata.* .rela.gnu.linkonce.td.*)
 *(.rel.tbss .rel.tbss.* .rel.gnu.linkonce.tb.*)
 *(.rela.tbss .rela.tbss.* .rela.gnu.linkonce.tb.*)
 *(.rel.ctors)
 *(.rela.ctors)
 *(.rel.dtors)
 *(.rela.dtors)
 *(.rel.got)
 *(.rela.got)
 *(.rel.sdata .rel.sdata.* .rel.gnu.linkonce.s.*)
 *(.rela.sdata .rela.sdata.* .rela.gnu.linkonce.s.*)
 *(.rel.sbss .rel.sbss.* .rel.gnu.linkonce.sb.*)
 *(.rela.sbss .rela.sbss.* .rela.gnu.linkonce.sb.*)
 *(.rel.sdata2 .rel.sdata2.* .rel.gnu.linkonce.s2.*)
 *(.rela.sdata2 .rela.sdata2.* .rela.gnu.linkonce.s2.*)
 *(.rel.sbss2 .rel.sbss2.* .rel.gnu.linkonce.sb2.*)
 *(.rela.sbss2 .rela.sbss2.* .rela.gnu.linkonce.sb2.*)
 *(.rel.bss .rel.bss.* .rel.gnu.linkonce.b.*)
 *(.rela.bss .rela.bss.* .rela.gnu.linkonce.b.*)
 *(.rel.plt)
 *(.rela.plt)
 *(.rel.dyn)
 *(.init)
 *(.plt)
 *(.text .stub .text.* .gnu.linkonce.t.*)
 .text          0x0000000000010180       0x3c ../Lab4Task2_bsp//obj/HAL/src/crt0.o
                0x0000000000010180                _start
 .text          0x00000000000101bc      0x138 obj/default/hello_world_small.o
                0x00000000000101bc                sys_timer_isr
                0x000000000001023c                led_write
                0x0000000000010250                convert_read
                0x0000000000010284                timer_init
 .text.startup  0x00000000000102f4       0x80 obj/default/hello_world_small.o
                0x00000000000102f4                main
 .text          0x0000000000010374       0x94 ../Lab4Task2_bsp/\libhal_bsp.a(alt_irq_register.o)
                0x0000000000010374                alt_irq_register
 .text          0x0000000000010408        0x0 ../Lab4Task2_bsp/\libhal_bsp.a(alt_irq_vars.o)
 .text          0x0000000000010408       0xe0 ../Lab4Task2_bsp/\libhal_bsp.a(alt_load.o)
                0x0000000000010408                alt_load
 .text          0x00000000000104e8       0x2c ../Lab4Task2_bsp/\libhal_bsp.a(alt_main.o)
                0x00000000000104e8                alt_main
 .text          0x0000000000010514      0x170 ../Lab4Task2_bsp/\libhal_bsp.a(alt_printf.o)
                0x0000000000010514                alt_printf
 .text          0x0000000000010684       0x48 ../Lab4Task2_bsp/\libhal_bsp.a(alt_putchar.o)
                0x0000000000010684                alt_putchar
 .text          0x00000000000106cc       0x30 ../Lab4Task2_bsp/\libhal_bsp.a(alt_sys_init.o)
                0x00000000000106cc                alt_irq_init
                0x00000000000106ec                alt_sys_init
 .text          0x00000000000106fc       0x34 ../Lab4Task2_bsp/\libhal_bsp.a(altera_avalon_jtag_uart_write.o)
                0x00000000000106fc                altera_avalon_jtag_uart_write
 .text          0x0000000000010730      0x160 ../Lab4Task2_bsp/\libhal_bsp.a(altera_up_avalon_accelerometer_spi.o)
                0x0000000000010730                alt_up_accelerometer_spi_open_dev
                0x0000000000010738                alt_up_accelerometer_spi_read_address_register
                0x000000000001074c                alt_up_accelerometer_spi_read
                0x000000000001076c                alt_up_accelerometer_spi_write
                0x0000000000010788                alt_up_accelerometer_spi_read_x_axis
                0x00000000000107e0                alt_up_accelerometer_spi_read_y_axis
                0x0000000000010838                alt_up_accelerometer_spi_read_z_axis
 .text          0x0000000000010890        0x4 ../Lab4Task2_bsp/\libhal_bsp.a(alt_dcache_flush_all.o)
                0x0000000000010890                alt_dcache_flush_all
 .text          0x0000000000010894        0x8 ../Lab4Task2_bsp/\libhal_bsp.a(alt_dev.o)
 .text          0x000000000001089c       0x6c ../Lab4Task2_bsp/\libhal_bsp.a(alt_dev_llist_insert.o)
                0x000000000001089c                alt_dev_llist_insert
 .text          0x0000000000010908        0x0 ../Lab4Task2_bsp/\libhal_bsp.a(alt_errno.o)
 .text          0x0000000000010908       0x74 ../Lab4Task2_bsp/\libhal_bsp.a(alt_find_dev.o)
                0x0000000000010908                alt_find_dev
 .text          0x000000000001097c        0x4 ../Lab4Task2_bsp/\libhal_bsp.a(alt_icache_flush_all.o)
                0x000000000001097c                alt_icache_flush_all
 .text          0x0000000000010980        0x0 ../Lab4Task2_bsp/\libhal_bsp.a(alt_irq_entry.o)
 .text          0x0000000000010980        0x0 ../Lab4Task2_bsp/\libhal_bsp.a(alt_irq_handler.o)
 .text          0x0000000000010980        0x8 ../Lab4Task2_bsp/\libhal_bsp.a(altera_nios2_gen2_irq.o)
                0x0000000000010980                altera_nios2_gen2_irq_init
 .text          0x0000000000010988        0x0 ../Lab4Task2_bsp/\libhal_bsp.a(alt_exception_entry.o)
 .text          0x0000000000010988       0x74 ../Lab4Task2_bsp/\libhal_bsp.a(alt_instruction_exception_entry.o)
                0x0000000000010988                alt_exception_cause_generated_bad_addr
 .text          0x00000000000109fc        0x0 c:/intelfpga_lite/18.1/nios2eds/bin/gnu/h-x86_64-mingw32/bin/../lib/gcc/nios2-elf/5.3.0/../../../../../H-x86_64-mingw32/nios2-elf/lib/mno-hw-mul\libsmallc.a(lib_a-int_errno.o)
 .text          0x00000000000109fc        0x0 c:/intelfpga_lite/18.1/nios2eds/bin/gnu/h-x86_64-mingw32/bin/../lib/gcc/nios2-elf/5.3.0/../../../../../H-x86_64-mingw32/nios2-elf/lib/mno-hw-mul\libsmallc.a(lib_a-memcmp.o)
 .text.memcmp   0x00000000000109fc       0x30 c:/intelfpga_lite/18.1/nios2eds/bin/gnu/h-x86_64-mingw32/bin/../lib/gcc/nios2-elf/5.3.0/../../../../../H-x86_64-mingw32/nios2-elf/lib/mno-hw-mul\libsmallc.a(lib_a-memcmp.o)
                0x00000000000109fc                memcmp
 .text          0x0000000000010a2c        0x0 c:/intelfpga_lite/18.1/nios2eds/bin/gnu/h-x86_64-mingw32/bin/../lib/gcc/nios2-elf/5.3.0/../../../../../H-x86_64-mingw32/nios2-elf/lib/mno-hw-mul\libsmallc.a(lib_a-strlen.o)
 .text.strlen   0x0000000000010a2c       0x1c c:/intelfpga_lite/18.1/nios2eds/bin/gnu/h-x86_64-mingw32/bin/../lib/gcc/nios2-elf/5.3.0/../../../../../H-x86_64-mingw32/nios2-elf/lib/mno-hw-mul\libsmallc.a(lib_a-strlen.o)
                0x0000000000010a2c                strlen
 *(.gnu.warning.*)
 *(.fini)
                [!provide]                        PROVIDE (__etext, ABSOLUTE (.))
                [!provide]                        PROVIDE (_etext, ABSOLUTE (.))
                [!provide]                        PROVIDE (etext, ABSOLUTE (.))
 *(.eh_frame_hdr)
                0x0000000000010a48                . = ALIGN (0x4)
                [!provide]                        PROVIDE (__preinit_array_start, ABSOLUTE (.))
 *(.preinit_array)
                [!provide]                        PROVIDE (__preinit_array_end, ABSOLUTE (.))
                [!provide]                        PROVIDE (__init_array_start, ABSOLUTE (.))
 *(.init_array)
                [!provide]                        PROVIDE (__init_array_end, ABSOLUTE (.))
                [!provide]                        PROVIDE (__fini_array_start, ABSOLUTE (.))
 *(.fini_array)
                [!provide]                        PROVIDE (__fini_array_end, ABSOLUTE (.))
 *(.eh_frame)
 *(.gcc_except_table .gcc_except_table.*)
 *(.dynamic)
                [!provide]                        PROVIDE (__CTOR_LIST__, ABSOLUTE (.))
 *(.ctors)
 *(SORT(.ctors.*))
                [!provide]                        PROVIDE (__CTOR_END__, ABSOLUTE (.))
                [!provide]                        PROVIDE (__DTOR_LIST__, ABSOLUTE (.))
 *(.dtors)
 *(SORT(.dtors.*))
                [!provide]                        PROVIDE (__DTOR_END__, ABSOLUTE (.))
 *(.jcr)
                0x0000000000010a48                . = ALIGN (0x4)

.rodata         0x0000000000010a48       0x30
                0x0000000000010a48                PROVIDE (__ram_rodata_start, ABSOLUTE (.))
                0x0000000000010a48                . = ALIGN (0x4)
 *(.rodata .rodata.* .gnu.linkonce.r.*)
 .rodata.str1.4
                0x0000000000010a48       0x22 obj/default/hello_world_small.o
 .rodata.str1.4
                0x0000000000010a6a       0x17 ../Lab4Task2_bsp/\libhal_bsp.a(alt_sys_init.o)
 *fill*         0x0000000000010a6a        0x2 
 .rodata.str1.4
                0x0000000000010a6c        0xc ../Lab4Task2_bsp/\libhal_bsp.a(alt_dev.o)
                                          0xa (size before relaxing)
 *(.rodata1)
                0x0000000000010a78                . = ALIGN (0x4)
                0x0000000000010a78                PROVIDE (__ram_rodata_end, ABSOLUTE (.))
                0x0000000000010a48                PROVIDE (__flash_rodata_start, LOADADDR (.rodata))

.rwdata         0x0000000000010a78       0xa4 load address 0x0000000000010b1c
                0x0000000000010a78                PROVIDE (__ram_rwdata_start, ABSOLUTE (.))
                0x0000000000010a78                . = ALIGN (0x4)
 *(.got.plt)
 *(.got)
 *(.data1)
 *(.data .data.* .gnu.linkonce.d.*)
 .data          0x0000000000010a78        0x0 ../Lab4Task2_bsp//obj/HAL/src/crt0.o
 .data          0x0000000000010a78        0x0 obj/default/hello_world_small.o
 .data          0x0000000000010a78        0x0 ../Lab4Task2_bsp/\libhal_bsp.a(alt_irq_register.o)
 .data          0x0000000000010a78        0x0 ../Lab4Task2_bsp/\libhal_bsp.a(alt_irq_vars.o)
 .data          0x0000000000010a78        0x0 ../Lab4Task2_bsp/\libhal_bsp.a(alt_load.o)
 .data          0x0000000000010a78        0x0 ../Lab4Task2_bsp/\libhal_bsp.a(alt_main.o)
 .data          0x0000000000010a78        0x0 ../Lab4Task2_bsp/\libhal_bsp.a(alt_printf.o)
 .data          0x0000000000010a78        0x0 ../Lab4Task2_bsp/\libhal_bsp.a(alt_putchar.o)
 .data          0x0000000000010a78       0x2c ../Lab4Task2_bsp/\libhal_bsp.a(alt_sys_init.o)
 .data          0x0000000000010aa4        0x0 ../Lab4Task2_bsp/\libhal_bsp.a(altera_avalon_jtag_uart_write.o)
 .data          0x0000000000010aa4        0x0 ../Lab4Task2_bsp/\libhal_bsp.a(altera_up_avalon_accelerometer_spi.o)
 .data          0x0000000000010aa4        0x0 ../Lab4Task2_bsp/\libhal_bsp.a(alt_dcache_flush_all.o)
 .data          0x0000000000010aa4       0x58 ../Lab4Task2_bsp/\libhal_bsp.a(alt_dev.o)
                0x0000000000010aa4                alt_fd_list
                0x0000000000010ad4                alt_dev_null
 .data          0x0000000000010afc        0x0 ../Lab4Task2_bsp/\libhal_bsp.a(alt_dev_llist_insert.o)
 .data          0x0000000000010afc        0x0 ../Lab4Task2_bsp/\libhal_bsp.a(alt_errno.o)
 .data          0x0000000000010afc        0x0 ../Lab4Task2_bsp/\libhal_bsp.a(alt_find_dev.o)
 .data          0x0000000000010afc        0x0 ../Lab4Task2_bsp/\libhal_bsp.a(alt_icache_flush_all.o)
 .data          0x0000000000010afc        0x0 ../Lab4Task2_bsp/\libhal_bsp.a(alt_irq_entry.o)
 .data          0x0000000000010afc        0x0 ../Lab4Task2_bsp/\libhal_bsp.a(alt_irq_handler.o)
 .data          0x0000000000010afc        0x0 ../Lab4Task2_bsp/\libhal_bsp.a(altera_nios2_gen2_irq.o)
 .data          0x0000000000010afc        0x0 ../Lab4Task2_bsp/\libhal_bsp.a(alt_exception_entry.o)
 .data          0x0000000000010afc        0x0 ../Lab4Task2_bsp/\libhal_bsp.a(alt_instruction_exception_entry.o)
 .data          0x0000000000010afc        0x0 c:/intelfpga_lite/18.1/nios2eds/bin/gnu/h-x86_64-mingw32/bin/../lib/gcc/nios2-elf/5.3.0/../../../../../H-x86_64-mingw32/nios2-elf/lib/mno-hw-mul\libsmallc.a(lib_a-int_errno.o)
 .data          0x0000000000010afc        0x0 c:/intelfpga_lite/18.1/nios2eds/bin/gnu/h-x86_64-mingw32/bin/../lib/gcc/nios2-elf/5.3.0/../../../../../H-x86_64-mingw32/nios2-elf/lib/mno-hw-mul\libsmallc.a(lib_a-memcmp.o)
 .data          0x0000000000010afc        0x0 c:/intelfpga_lite/18.1/nios2eds/bin/gnu/h-x86_64-mingw32/bin/../lib/gcc/nios2-elf/5.3.0/../../../../../H-x86_64-mingw32/nios2-elf/lib/mno-hw-mul\libsmallc.a(lib_a-strlen.o)
                0x0000000000018afc                _gp = ABSOLUTE ((. + 0x8000))
                [!provide]                        PROVIDE (gp, _gp)
 *(.rwdata .rwdata.*)
 *(.sdata .sdata.* .gnu.linkonce.s.*)
 .sdata         0x0000000000010afc        0x4 ../Lab4Task2_bsp/\libhal_bsp.a(alt_irq_vars.o)
                0x0000000000010afc                alt_priority_mask
 .sdata         0x0000000000010b00        0x4 ../Lab4Task2_bsp/\libhal_bsp.a(alt_sys_init.o)
                0x0000000000010b00                jtag_uart
 .sdata         0x0000000000010b04       0x14 ../Lab4Task2_bsp/\libhal_bsp.a(alt_dev.o)
                0x0000000000010b04                alt_max_fd
                0x0000000000010b08                alt_dev_list
                0x0000000000010b10                alt_fs_list
 .sdata         0x0000000000010b18        0x4 ../Lab4Task2_bsp/\libhal_bsp.a(alt_errno.o)
                0x0000000000010b18                alt_errno
 *(.sdata2 .sdata2.* .gnu.linkonce.s2.*)
                0x0000000000010b1c                . = ALIGN (0x4)
                0x0000000000010b1c                _edata = ABSOLUTE (.)
                [!provide]                        PROVIDE (edata, ABSOLUTE (.))
                0x0000000000010b1c                PROVIDE (__ram_rwdata_end, ABSOLUTE (.))
                0x0000000000010b1c                PROVIDE (__flash_rwdata_start, LOADADDR (.rwdata))

.bss            0x0000000000010bc0      0x124
                0x0000000000010bc0                __bss_start = ABSOLUTE (.)
                [!provide]                        PROVIDE (__sbss_start, ABSOLUTE (.))
                [!provide]                        PROVIDE (___sbss_start, ABSOLUTE (.))
 *(.dynsbss)
 *(.sbss .sbss.* .gnu.linkonce.sb.*)
 .sbss          0x0000000000010bc0        0x1 obj/default/hello_world_small.o
                0x0000000000010bc0                pwm
 *fill*         0x0000000000010bc1        0x3 
 .sbss          0x0000000000010bc4        0x8 obj/default/hello_world_small.o
                0x0000000000010bc4                led
                0x0000000000010bc8                level
 .sbss          0x0000000000010bcc        0x4 ../Lab4Task2_bsp/\libhal_bsp.a(alt_irq_vars.o)
                0x0000000000010bcc                alt_irq_active
 .sbss          0x0000000000010bd0        0xc ../Lab4Task2_bsp/\libhal_bsp.a(alt_main.o)
                0x0000000000010bd0                alt_envp
                0x0000000000010bd4                alt_argv
                0x0000000000010bd8                alt_argc
 .sbss          0x0000000000010bdc        0x4 ../Lab4Task2_bsp/\libhal_bsp.a(alt_instruction_exception_entry.o)
                0x0000000000010bdc                alt_instruction_exception_handler
 .sbss          0x0000000000010be0        0x4 c:/intelfpga_lite/18.1/nios2eds/bin/gnu/h-x86_64-mingw32/bin/../lib/gcc/nios2-elf/5.3.0/../../../../../H-x86_64-mingw32/nios2-elf/lib/mno-hw-mul\libsmallc.a(lib_a-int_errno.o)
                0x0000000000010be0                errno
 *(.sbss2 .sbss2.* .gnu.linkonce.sb2.*)
 *(.scommon)
                [!provide]                        PROVIDE (__sbss_end, ABSOLUTE (.))
                [!provide]                        PROVIDE (___sbss_end, ABSOLUTE (.))
 *(.dynbss)
 *(.bss .bss.* .gnu.linkonce.b.*)
 .bss           0x0000000000010be4        0x0 ../Lab4Task2_bsp//obj/HAL/src/crt0.o
 .bss           0x0000000000010be4        0x0 obj/default/hello_world_small.o
 .bss           0x0000000000010be4        0x0 ../Lab4Task2_bsp/\libhal_bsp.a(alt_irq_register.o)
 .bss           0x0000000000010be4        0x0 ../Lab4Task2_bsp/\libhal_bsp.a(alt_irq_vars.o)
 .bss           0x0000000000010be4        0x0 ../Lab4Task2_bsp/\libhal_bsp.a(alt_load.o)
 .bss           0x0000000000010be4        0x0 ../Lab4Task2_bsp/\libhal_bsp.a(alt_main.o)
 .bss           0x0000000000010be4        0x0 ../Lab4Task2_bsp/\libhal_bsp.a(alt_printf.o)
 .bss           0x0000000000010be4        0x0 ../Lab4Task2_bsp/\libhal_bsp.a(alt_putchar.o)
 .bss           0x0000000000010be4        0x0 ../Lab4Task2_bsp/\libhal_bsp.a(alt_sys_init.o)
 .bss           0x0000000000010be4        0x0 ../Lab4Task2_bsp/\libhal_bsp.a(altera_avalon_jtag_uart_write.o)
 .bss           0x0000000000010be4        0x0 ../Lab4Task2_bsp/\libhal_bsp.a(altera_up_avalon_accelerometer_spi.o)
 .bss           0x0000000000010be4        0x0 ../Lab4Task2_bsp/\libhal_bsp.a(alt_dcache_flush_all.o)
 .bss           0x0000000000010be4        0x0 ../Lab4Task2_bsp/\libhal_bsp.a(alt_dev.o)
 .bss           0x0000000000010be4        0x0 ../Lab4Task2_bsp/\libhal_bsp.a(alt_dev_llist_insert.o)
 .bss           0x0000000000010be4        0x0 ../Lab4Task2_bsp/\libhal_bsp.a(alt_errno.o)
 .bss           0x0000000000010be4        0x0 ../Lab4Task2_bsp/\libhal_bsp.a(alt_find_dev.o)
 .bss           0x0000000000010be4        0x0 ../Lab4Task2_bsp/\libhal_bsp.a(alt_icache_flush_all.o)
 .bss           0x0000000000010be4        0x0 ../Lab4Task2_bsp/\libhal_bsp.a(alt_irq_entry.o)
 .bss           0x0000000000010be4        0x0 ../Lab4Task2_bsp/\libhal_bsp.a(alt_irq_handler.o)
 .bss           0x0000000000010be4        0x0 ../Lab4Task2_bsp/\libhal_bsp.a(altera_nios2_gen2_irq.o)
 .bss           0x0000000000010be4        0x0 ../Lab4Task2_bsp/\libhal_bsp.a(alt_exception_entry.o)
 .bss           0x0000000000010be4        0x0 ../Lab4Task2_bsp/\libhal_bsp.a(alt_instruction_exception_entry.o)
 .bss           0x0000000000010be4        0x0 c:/intelfpga_lite/18.1/nios2eds/bin/gnu/h-x86_64-mingw32/bin/../lib/gcc/nios2-elf/5.3.0/../../../../../H-x86_64-mingw32/nios2-elf/lib/mno-hw-mul\libsmallc.a(lib_a-int_errno.o)
 .bss           0x0000000000010be4        0x0 c:/intelfpga_lite/18.1/nios2eds/bin/gnu/h-x86_64-mingw32/bin/../lib/gcc/nios2-elf/5.3.0/../../../../../H-x86_64-mingw32/nios2-elf/lib/mno-hw-mul\libsmallc.a(lib_a-memcmp.o)
 .bss           0x0000000000010be4        0x0 c:/intelfpga_lite/18.1/nios2eds/bin/gnu/h-x86_64-mingw32/bin/../lib/gcc/nios2-elf/5.3.0/../../../../../H-x86_64-mingw32/nios2-elf/lib/mno-hw-mul\libsmallc.a(lib_a-strlen.o)
 *(COMMON)
 COMMON         0x0000000000010be4      0x100 ../Lab4Task2_bsp/\libhal_bsp.a(alt_irq_handler.o)
                0x0000000000010be4                alt_irq
                0x0000000000010ce4                . = ALIGN (0x4)
                0x0000000000010ce4                __bss_end = ABSOLUTE (.)

.onchip_memory  0x0000000000010ce4        0x0
                [!provide]                        PROVIDE (_alt_partition_onchip_memory_start, ABSOLUTE (.))
 *(.onchip_memory .onchip_memory. onchip_memory.*)
                0x0000000000010ce4                . = ALIGN (0x4)
                [!provide]                        PROVIDE (_alt_partition_onchip_memory_end, ABSOLUTE (.))
                0x0000000000010ce4                _end = ABSOLUTE (.)
                0x0000000000010ce4                end = ABSOLUTE (.)
                0x0000000000010ce4                __alt_stack_base = ABSOLUTE (.)
                [!provide]                        PROVIDE (_alt_partition_onchip_memory_load_addr, LOADADDR (.onchip_memory))

.stab
 *(.stab)

.stabstr
 *(.stabstr)

.stab.excl
 *(.stab.excl)

.stab.exclstr
 *(.stab.exclstr)

.stab.index
 *(.stab.index)

.stab.indexstr
 *(.stab.indexstr)

.comment        0x0000000000000000       0x23
 *(.comment)
 .comment       0x0000000000000000       0x23 obj/default/hello_world_small.o
                                         0x24 (size before relaxing)
 .comment       0x0000000000000023       0x24 ../Lab4Task2_bsp/\libhal_bsp.a(alt_irq_register.o)
 .comment       0x0000000000000023       0x24 ../Lab4Task2_bsp/\libhal_bsp.a(alt_irq_vars.o)
 .comment       0x0000000000000023       0x24 ../Lab4Task2_bsp/\libhal_bsp.a(alt_load.o)
 .comment       0x0000000000000023       0x24 ../Lab4Task2_bsp/\libhal_bsp.a(alt_main.o)
 .comment       0x0000000000000023       0x24 ../Lab4Task2_bsp/\libhal_bsp.a(alt_printf.o)
 .comment       0x0000000000000023       0x24 ../Lab4Task2_bsp/\libhal_bsp.a(alt_putchar.o)
 .comment       0x0000000000000023       0x24 ../Lab4Task2_bsp/\libhal_bsp.a(alt_sys_init.o)
 .comment       0x0000000000000023       0x24 ../Lab4Task2_bsp/\libhal_bsp.a(altera_avalon_jtag_uart_write.o)
 .comment       0x0000000000000023       0x24 ../Lab4Task2_bsp/\libhal_bsp.a(altera_up_avalon_accelerometer_spi.o)
 .comment       0x0000000000000023       0x24 ../Lab4Task2_bsp/\libhal_bsp.a(alt_dcache_flush_all.o)
 .comment       0x0000000000000023       0x24 ../Lab4Task2_bsp/\libhal_bsp.a(alt_dev.o)
 .comment       0x0000000000000023       0x24 ../Lab4Task2_bsp/\libhal_bsp.a(alt_dev_llist_insert.o)
 .comment       0x0000000000000023       0x24 ../Lab4Task2_bsp/\libhal_bsp.a(alt_errno.o)
 .comment       0x0000000000000023       0x24 ../Lab4Task2_bsp/\libhal_bsp.a(alt_find_dev.o)
 .comment       0x0000000000000023       0x24 ../Lab4Task2_bsp/\libhal_bsp.a(alt_icache_flush_all.o)
 .comment       0x0000000000000023       0x24 ../Lab4Task2_bsp/\libhal_bsp.a(alt_irq_handler.o)
 .comment       0x0000000000000023       0x24 ../Lab4Task2_bsp/\libhal_bsp.a(altera_nios2_gen2_irq.o)
 .comment       0x0000000000000023       0x24 ../Lab4Task2_bsp/\libhal_bsp.a(alt_instruction_exception_entry.o)
 .comment       0x0000000000000023       0x24 c:/intelfpga_lite/18.1/nios2eds/bin/gnu/h-x86_64-mingw32/bin/../lib/gcc/nios2-elf/5.3.0/../../../../../H-x86_64-mingw32/nios2-elf/lib/mno-hw-mul\libsmallc.a(lib_a-int_errno.o)
 .comment       0x0000000000000023       0x24 c:/intelfpga_lite/18.1/nios2eds/bin/gnu/h-x86_64-mingw32/bin/../lib/gcc/nios2-elf/5.3.0/../../../../../H-x86_64-mingw32/nios2-elf/lib/mno-hw-mul\libsmallc.a(lib_a-memcmp.o)
 .comment       0x0000000000000023       0x24 c:/intelfpga_lite/18.1/nios2eds/bin/gnu/h-x86_64-mingw32/bin/../lib/gcc/nios2-elf/5.3.0/../../../../../H-x86_64-mingw32/nios2-elf/lib/mno-hw-mul\libsmallc.a(lib_a-strlen.o)

.debug
 *(.debug)

.line
 *(.line)

.debug_srcinfo
 *(.debug_srcinfo)

.debug_sfnames
 *(.debug_sfnames)

.debug_aranges  0x0000000000000000      0x348
 *(.debug_aranges)
 .debug_aranges
                0x0000000000000000       0x28 ../Lab4Task2_bsp//obj/HAL/src/crt0.o
 .debug_aranges
                0x0000000000000028       0x28 obj/default/hello_world_small.o
 .debug_aranges
                0x0000000000000050       0x20 ../Lab4Task2_bsp/\libhal_bsp.a(alt_irq_register.o)
 .debug_aranges
                0x0000000000000070       0x18 ../Lab4Task2_bsp/\libhal_bsp.a(alt_irq_vars.o)
 .debug_aranges
                0x0000000000000088       0x20 ../Lab4Task2_bsp/\libhal_bsp.a(alt_load.o)
 .debug_aranges
                0x00000000000000a8       0x20 ../Lab4Task2_bsp/\libhal_bsp.a(alt_main.o)
 .debug_aranges
                0x00000000000000c8       0x20 ../Lab4Task2_bsp/\libhal_bsp.a(alt_printf.o)
 .debug_aranges
                0x00000000000000e8       0x20 ../Lab4Task2_bsp/\libhal_bsp.a(alt_putchar.o)
 .debug_aranges
                0x0000000000000108       0x20 ../Lab4Task2_bsp/\libhal_bsp.a(alt_sys_init.o)
 .debug_aranges
                0x0000000000000128       0x20 ../Lab4Task2_bsp/\libhal_bsp.a(altera_avalon_jtag_uart_write.o)
 .debug_aranges
                0x0000000000000148       0x20 ../Lab4Task2_bsp/\libhal_bsp.a(altera_up_avalon_accelerometer_spi.o)
 .debug_aranges
                0x0000000000000168       0x20 ../Lab4Task2_bsp/\libhal_bsp.a(alt_dcache_flush_all.o)
 .debug_aranges
                0x0000000000000188       0x20 ../Lab4Task2_bsp/\libhal_bsp.a(alt_dev.o)
 .debug_aranges
                0x00000000000001a8       0x20 ../Lab4Task2_bsp/\libhal_bsp.a(alt_dev_llist_insert.o)
 .debug_aranges
                0x00000000000001c8       0x18 ../Lab4Task2_bsp/\libhal_bsp.a(alt_errno.o)
 .debug_aranges
                0x00000000000001e0       0x20 ../Lab4Task2_bsp/\libhal_bsp.a(alt_find_dev.o)
 .debug_aranges
                0x0000000000000200       0x20 ../Lab4Task2_bsp/\libhal_bsp.a(alt_icache_flush_all.o)
 .debug_aranges
                0x0000000000000220       0x30 ../Lab4Task2_bsp/\libhal_bsp.a(alt_irq_entry.o)
 .debug_aranges
                0x0000000000000250       0x20 ../Lab4Task2_bsp/\libhal_bsp.a(alt_irq_handler.o)
 .debug_aranges
                0x0000000000000270       0x20 ../Lab4Task2_bsp/\libhal_bsp.a(altera_nios2_gen2_irq.o)
 .debug_aranges
                0x0000000000000290       0x38 ../Lab4Task2_bsp/\libhal_bsp.a(alt_exception_entry.o)
 .debug_aranges
                0x00000000000002c8       0x28 ../Lab4Task2_bsp/\libhal_bsp.a(alt_instruction_exception_entry.o)
 .debug_aranges
                0x00000000000002f0       0x18 c:/intelfpga_lite/18.1/nios2eds/bin/gnu/h-x86_64-mingw32/bin/../lib/gcc/nios2-elf/5.3.0/../../../../../H-x86_64-mingw32/nios2-elf/lib/mno-hw-mul\libsmallc.a(lib_a-int_errno.o)
 .debug_aranges
                0x0000000000000308       0x20 c:/intelfpga_lite/18.1/nios2eds/bin/gnu/h-x86_64-mingw32/bin/../lib/gcc/nios2-elf/5.3.0/../../../../../H-x86_64-mingw32/nios2-elf/lib/mno-hw-mul\libsmallc.a(lib_a-memcmp.o)
 .debug_aranges
                0x0000000000000328       0x20 c:/intelfpga_lite/18.1/nios2eds/bin/gnu/h-x86_64-mingw32/bin/../lib/gcc/nios2-elf/5.3.0/../../../../../H-x86_64-mingw32/nios2-elf/lib/mno-hw-mul\libsmallc.a(lib_a-strlen.o)

.debug_pubnames
 *(.debug_pubnames)

.debug_info     0x0000000000000000     0x2d1f
 *(.debug_info .gnu.linkonce.wi.*)
 .debug_info    0x0000000000000000       0x8b ../Lab4Task2_bsp//obj/HAL/src/crt0.o
 .debug_info    0x000000000000008b      0x5a0 obj/default/hello_world_small.o
 .debug_info    0x000000000000062b      0x30d ../Lab4Task2_bsp/\libhal_bsp.a(alt_irq_register.o)
 .debug_info    0x0000000000000938       0x88 ../Lab4Task2_bsp/\libhal_bsp.a(alt_irq_vars.o)
 .debug_info    0x00000000000009c0      0x1c9 ../Lab4Task2_bsp/\libhal_bsp.a(alt_load.o)
 .debug_info    0x0000000000000b89      0x18f ../Lab4Task2_bsp/\libhal_bsp.a(alt_main.o)
 .debug_info    0x0000000000000d18      0x14d ../Lab4Task2_bsp/\libhal_bsp.a(alt_printf.o)
 .debug_info    0x0000000000000e65      0x12a ../Lab4Task2_bsp/\libhal_bsp.a(alt_putchar.o)
 .debug_info    0x0000000000000f8f      0x459 ../Lab4Task2_bsp/\libhal_bsp.a(alt_sys_init.o)
 .debug_info    0x00000000000013e8      0x1ad ../Lab4Task2_bsp/\libhal_bsp.a(altera_avalon_jtag_uart_write.o)
 .debug_info    0x0000000000001595      0x479 ../Lab4Task2_bsp/\libhal_bsp.a(altera_up_avalon_accelerometer_spi.o)
 .debug_info    0x0000000000001a0e       0x92 ../Lab4Task2_bsp/\libhal_bsp.a(alt_dcache_flush_all.o)
 .debug_info    0x0000000000001aa0      0x499 ../Lab4Task2_bsp/\libhal_bsp.a(alt_dev.o)
 .debug_info    0x0000000000001f39      0x1b3 ../Lab4Task2_bsp/\libhal_bsp.a(alt_dev_llist_insert.o)
 .debug_info    0x00000000000020ec       0xa6 ../Lab4Task2_bsp/\libhal_bsp.a(alt_errno.o)
 .debug_info    0x0000000000002192      0x32d ../Lab4Task2_bsp/\libhal_bsp.a(alt_find_dev.o)
 .debug_info    0x00000000000024bf       0x92 ../Lab4Task2_bsp/\libhal_bsp.a(alt_icache_flush_all.o)
 .debug_info    0x0000000000002551       0x94 ../Lab4Task2_bsp/\libhal_bsp.a(alt_irq_entry.o)
 .debug_info    0x00000000000025e5      0x1a4 ../Lab4Task2_bsp/\libhal_bsp.a(alt_irq_handler.o)
 .debug_info    0x0000000000002789       0xb8 ../Lab4Task2_bsp/\libhal_bsp.a(altera_nios2_gen2_irq.o)
 .debug_info    0x0000000000002841       0x9a ../Lab4Task2_bsp/\libhal_bsp.a(alt_exception_entry.o)
 .debug_info    0x00000000000028db      0x1fd ../Lab4Task2_bsp/\libhal_bsp.a(alt_instruction_exception_entry.o)
 .debug_info    0x0000000000002ad8       0x8a c:/intelfpga_lite/18.1/nios2eds/bin/gnu/h-x86_64-mingw32/bin/../lib/gcc/nios2-elf/5.3.0/../../../../../H-x86_64-mingw32/nios2-elf/lib/mno-hw-mul\libsmallc.a(lib_a-int_errno.o)
 .debug_info    0x0000000000002b62       0xf4 c:/intelfpga_lite/18.1/nios2eds/bin/gnu/h-x86_64-mingw32/bin/../lib/gcc/nios2-elf/5.3.0/../../../../../H-x86_64-mingw32/nios2-elf/lib/mno-hw-mul\libsmallc.a(lib_a-memcmp.o)
 .debug_info    0x0000000000002c56       0xc9 c:/intelfpga_lite/18.1/nios2eds/bin/gnu/h-x86_64-mingw32/bin/../lib/gcc/nios2-elf/5.3.0/../../../../../H-x86_64-mingw32/nios2-elf/lib/mno-hw-mul\libsmallc.a(lib_a-strlen.o)

.debug_abbrev   0x0000000000000000     0x1316
 *(.debug_abbrev)
 .debug_abbrev  0x0000000000000000       0x12 ../Lab4Task2_bsp//obj/HAL/src/crt0.o
 .debug_abbrev  0x0000000000000012      0x241 obj/default/hello_world_small.o
 .debug_abbrev  0x0000000000000253      0x1a5 ../Lab4Task2_bsp/\libhal_bsp.a(alt_irq_register.o)
 .debug_abbrev  0x00000000000003f8       0x40 ../Lab4Task2_bsp/\libhal_bsp.a(alt_irq_vars.o)
 .debug_abbrev  0x0000000000000438       0xd8 ../Lab4Task2_bsp/\libhal_bsp.a(alt_load.o)
 .debug_abbrev  0x0000000000000510       0xf5 ../Lab4Task2_bsp/\libhal_bsp.a(alt_main.o)
 .debug_abbrev  0x0000000000000605       0xd5 ../Lab4Task2_bsp/\libhal_bsp.a(alt_printf.o)
 .debug_abbrev  0x00000000000006da       0xd2 ../Lab4Task2_bsp/\libhal_bsp.a(alt_putchar.o)
 .debug_abbrev  0x00000000000007ac      0x1a5 ../Lab4Task2_bsp/\libhal_bsp.a(alt_sys_init.o)
 .debug_abbrev  0x0000000000000951       0xd5 ../Lab4Task2_bsp/\libhal_bsp.a(altera_avalon_jtag_uart_write.o)
 .debug_abbrev  0x0000000000000a26      0x119 ../Lab4Task2_bsp/\libhal_bsp.a(altera_up_avalon_accelerometer_spi.o)
 .debug_abbrev  0x0000000000000b3f       0x42 ../Lab4Task2_bsp/\libhal_bsp.a(alt_dcache_flush_all.o)
 .debug_abbrev  0x0000000000000b81       0xd9 ../Lab4Task2_bsp/\libhal_bsp.a(alt_dev.o)
 .debug_abbrev  0x0000000000000c5a      0x11c ../Lab4Task2_bsp/\libhal_bsp.a(alt_dev_llist_insert.o)
 .debug_abbrev  0x0000000000000d76       0x5a ../Lab4Task2_bsp/\libhal_bsp.a(alt_errno.o)
 .debug_abbrev  0x0000000000000dd0      0x125 ../Lab4Task2_bsp/\libhal_bsp.a(alt_find_dev.o)
 .debug_abbrev  0x0000000000000ef5       0x42 ../Lab4Task2_bsp/\libhal_bsp.a(alt_icache_flush_all.o)
 .debug_abbrev  0x0000000000000f37       0x12 ../Lab4Task2_bsp/\libhal_bsp.a(alt_irq_entry.o)
 .debug_abbrev  0x0000000000000f49      0x138 ../Lab4Task2_bsp/\libhal_bsp.a(alt_irq_handler.o)
 .debug_abbrev  0x0000000000001081       0x67 ../Lab4Task2_bsp/\libhal_bsp.a(altera_nios2_gen2_irq.o)
 .debug_abbrev  0x00000000000010e8       0x12 ../Lab4Task2_bsp/\libhal_bsp.a(alt_exception_entry.o)
 .debug_abbrev  0x00000000000010fa       0xe7 ../Lab4Task2_bsp/\libhal_bsp.a(alt_instruction_exception_entry.o)
 .debug_abbrev  0x00000000000011e1       0x37 c:/intelfpga_lite/18.1/nios2eds/bin/gnu/h-x86_64-mingw32/bin/../lib/gcc/nios2-elf/5.3.0/../../../../../H-x86_64-mingw32/nios2-elf/lib/mno-hw-mul\libsmallc.a(lib_a-int_errno.o)
 .debug_abbrev  0x0000000000001218       0x7f c:/intelfpga_lite/18.1/nios2eds/bin/gnu/h-x86_64-mingw32/bin/../lib/gcc/nios2-elf/5.3.0/../../../../../H-x86_64-mingw32/nios2-elf/lib/mno-hw-mul\libsmallc.a(lib_a-memcmp.o)
 .debug_abbrev  0x0000000000001297       0x7f c:/intelfpga_lite/18.1/nios2eds/bin/gnu/h-x86_64-mingw32/bin/../lib/gcc/nios2-elf/5.3.0/../../../../../H-x86_64-mingw32/nios2-elf/lib/mno-hw-mul\libsmallc.a(lib_a-strlen.o)

.debug_line     0x0000000000000000     0x13cb
 *(.debug_line)
 .debug_line    0x0000000000000000       0x66 ../Lab4Task2_bsp//obj/HAL/src/crt0.o
 .debug_line    0x0000000000000066      0x178 obj/default/hello_world_small.o
 .debug_line    0x00000000000001de       0xed ../Lab4Task2_bsp/\libhal_bsp.a(alt_irq_register.o)
 .debug_line    0x00000000000002cb       0x50 ../Lab4Task2_bsp/\libhal_bsp.a(alt_irq_vars.o)
 .debug_line    0x000000000000031b       0xa4 ../Lab4Task2_bsp/\libhal_bsp.a(alt_load.o)
 .debug_line    0x00000000000003bf       0xea ../Lab4Task2_bsp/\libhal_bsp.a(alt_main.o)
 .debug_line    0x00000000000004a9      0x112 ../Lab4Task2_bsp/\libhal_bsp.a(alt_printf.o)
 .debug_line    0x00000000000005bb       0x55 ../Lab4Task2_bsp/\libhal_bsp.a(alt_putchar.o)
 .debug_line    0x0000000000000610      0x178 ../Lab4Task2_bsp/\libhal_bsp.a(alt_sys_init.o)
 .debug_line    0x0000000000000788      0x104 ../Lab4Task2_bsp/\libhal_bsp.a(altera_avalon_jtag_uart_write.o)
 .debug_line    0x000000000000088c      0x131 ../Lab4Task2_bsp/\libhal_bsp.a(altera_up_avalon_accelerometer_spi.o)
 .debug_line    0x00000000000009bd       0x4e ../Lab4Task2_bsp/\libhal_bsp.a(alt_dcache_flush_all.o)
 .debug_line    0x0000000000000a0b       0xf6 ../Lab4Task2_bsp/\libhal_bsp.a(alt_dev.o)
 .debug_line    0x0000000000000b01       0xd8 ../Lab4Task2_bsp/\libhal_bsp.a(alt_dev_llist_insert.o)
 .debug_line    0x0000000000000bd9       0x51 ../Lab4Task2_bsp/\libhal_bsp.a(alt_errno.o)
 .debug_line    0x0000000000000c2a      0x107 ../Lab4Task2_bsp/\libhal_bsp.a(alt_find_dev.o)
 .debug_line    0x0000000000000d31       0x4e ../Lab4Task2_bsp/\libhal_bsp.a(alt_icache_flush_all.o)
 .debug_line    0x0000000000000d7f       0x6b ../Lab4Task2_bsp/\libhal_bsp.a(alt_irq_entry.o)
 .debug_line    0x0000000000000dea       0xc8 ../Lab4Task2_bsp/\libhal_bsp.a(alt_irq_handler.o)
 .debug_line    0x0000000000000eb2       0x8c ../Lab4Task2_bsp/\libhal_bsp.a(altera_nios2_gen2_irq.o)
 .debug_line    0x0000000000000f3e       0xb3 ../Lab4Task2_bsp/\libhal_bsp.a(alt_exception_entry.o)
 .debug_line    0x0000000000000ff1       0xbf ../Lab4Task2_bsp/\libhal_bsp.a(alt_instruction_exception_entry.o)
 .debug_line    0x00000000000010b0       0x5f c:/intelfpga_lite/18.1/nios2eds/bin/gnu/h-x86_64-mingw32/bin/../lib/gcc/nios2-elf/5.3.0/../../../../../H-x86_64-mingw32/nios2-elf/lib/mno-hw-mul\libsmallc.a(lib_a-int_errno.o)
 .debug_line    0x000000000000110f      0x160 c:/intelfpga_lite/18.1/nios2eds/bin/gnu/h-x86_64-mingw32/bin/../lib/gcc/nios2-elf/5.3.0/../../../../../H-x86_64-mingw32/nios2-elf/lib/mno-hw-mul\libsmallc.a(lib_a-memcmp.o)
 .debug_line    0x000000000000126f      0x15c c:/intelfpga_lite/18.1/nios2eds/bin/gnu/h-x86_64-mingw32/bin/../lib/gcc/nios2-elf/5.3.0/../../../../../H-x86_64-mingw32/nios2-elf/lib/mno-hw-mul\libsmallc.a(lib_a-strlen.o)

.debug_frame    0x0000000000000000      0x3ec
 *(.debug_frame)
 .debug_frame   0x0000000000000000       0x84 obj/default/hello_world_small.o
 .debug_frame   0x0000000000000084       0x20 ../Lab4Task2_bsp/\libhal_bsp.a(alt_irq_register.o)
 .debug_frame   0x00000000000000a4       0x30 ../Lab4Task2_bsp/\libhal_bsp.a(alt_load.o)
 .debug_frame   0x00000000000000d4       0x2c ../Lab4Task2_bsp/\libhal_bsp.a(alt_main.o)
 .debug_frame   0x0000000000000100       0x54 ../Lab4Task2_bsp/\libhal_bsp.a(alt_printf.o)
 .debug_frame   0x0000000000000154       0x30 ../Lab4Task2_bsp/\libhal_bsp.a(alt_putchar.o)
 .debug_frame   0x0000000000000184       0x3c ../Lab4Task2_bsp/\libhal_bsp.a(alt_sys_init.o)
 .debug_frame   0x00000000000001c0       0x20 ../Lab4Task2_bsp/\libhal_bsp.a(altera_avalon_jtag_uart_write.o)
 .debug_frame   0x00000000000001e0       0x80 ../Lab4Task2_bsp/\libhal_bsp.a(altera_up_avalon_accelerometer_spi.o)
 .debug_frame   0x0000000000000260       0x20 ../Lab4Task2_bsp/\libhal_bsp.a(alt_dcache_flush_all.o)
 .debug_frame   0x0000000000000280       0x20 ../Lab4Task2_bsp/\libhal_bsp.a(alt_dev.o)
 .debug_frame   0x00000000000002a0       0x2c ../Lab4Task2_bsp/\libhal_bsp.a(alt_dev_llist_insert.o)
 .debug_frame   0x00000000000002cc       0x3c ../Lab4Task2_bsp/\libhal_bsp.a(alt_find_dev.o)
 .debug_frame   0x0000000000000308       0x20 ../Lab4Task2_bsp/\libhal_bsp.a(alt_icache_flush_all.o)
 .debug_frame   0x0000000000000328       0x34 ../Lab4Task2_bsp/\libhal_bsp.a(alt_irq_handler.o)
 .debug_frame   0x000000000000035c       0x20 ../Lab4Task2_bsp/\libhal_bsp.a(altera_nios2_gen2_irq.o)
 .debug_frame   0x000000000000037c       0x30 ../Lab4Task2_bsp/\libhal_bsp.a(alt_instruction_exception_entry.o)
 .debug_frame   0x00000000000003ac       0x20 c:/intelfpga_lite/18.1/nios2eds/bin/gnu/h-x86_64-mingw32/bin/../lib/gcc/nios2-elf/5.3.0/../../../../../H-x86_64-mingw32/nios2-elf/lib/mno-hw-mul\libsmallc.a(lib_a-memcmp.o)
 .debug_frame   0x00000000000003cc       0x20 c:/intelfpga_lite/18.1/nios2eds/bin/gnu/h-x86_64-mingw32/bin/../lib/gcc/nios2-elf/5.3.0/../../../../../H-x86_64-mingw32/nios2-elf/lib/mno-hw-mul\libsmallc.a(lib_a-strlen.o)

.debug_str      0x0000000000000000     0x1132
 *(.debug_str)
 .debug_str     0x0000000000000000      0x307 obj/default/hello_world_small.o
                                        0x360 (size before relaxing)
 .debug_str     0x0000000000000307       0xf4 ../Lab4Task2_bsp/\libhal_bsp.a(alt_irq_register.o)
                                        0x225 (size before relaxing)
 .debug_str     0x00000000000003fb       0x17 ../Lab4Task2_bsp/\libhal_bsp.a(alt_irq_vars.o)
                                        0x157 (size before relaxing)
 .debug_str     0x0000000000000412      0x113 ../Lab4Task2_bsp/\libhal_bsp.a(alt_load.o)
                                        0x259 (size before relaxing)
 .debug_str     0x0000000000000525       0x5e ../Lab4Task2_bsp/\libhal_bsp.a(alt_main.o)
                                        0x1fb (size before relaxing)
 .debug_str     0x0000000000000583       0x59 ../Lab4Task2_bsp/\libhal_bsp.a(alt_printf.o)
                                        0x123 (size before relaxing)
 .debug_str     0x00000000000005dc       0x5e ../Lab4Task2_bsp/\libhal_bsp.a(alt_putchar.o)
                                        0x1a8 (size before relaxing)
 .debug_str     0x000000000000063a       0xfa ../Lab4Task2_bsp/\libhal_bsp.a(alt_sys_init.o)
                                        0x367 (size before relaxing)
 .debug_str     0x0000000000000734       0x32 ../Lab4Task2_bsp/\libhal_bsp.a(altera_avalon_jtag_uart_write.o)
                                        0x253 (size before relaxing)
 .debug_str     0x0000000000000766       0xb9 ../Lab4Task2_bsp/\libhal_bsp.a(altera_up_avalon_accelerometer_spi.o)
                                        0x36b (size before relaxing)
 .debug_str     0x000000000000081f       0x1f ../Lab4Task2_bsp/\libhal_bsp.a(alt_dcache_flush_all.o)
                                        0x172 (size before relaxing)
 .debug_str     0x000000000000083e      0x125 ../Lab4Task2_bsp/\libhal_bsp.a(alt_dev.o)
                                        0x322 (size before relaxing)
 .debug_str     0x0000000000000963       0x48 ../Lab4Task2_bsp/\libhal_bsp.a(alt_dev_llist_insert.o)
                                        0x1e9 (size before relaxing)
 .debug_str     0x00000000000009ab       0x14 ../Lab4Task2_bsp/\libhal_bsp.a(alt_errno.o)
                                        0x162 (size before relaxing)
 .debug_str     0x00000000000009bf       0x25 ../Lab4Task2_bsp/\libhal_bsp.a(alt_find_dev.o)
                                        0x217 (size before relaxing)
 .debug_str     0x00000000000009e4       0x1f ../Lab4Task2_bsp/\libhal_bsp.a(alt_icache_flush_all.o)
                                        0x172 (size before relaxing)
 .debug_str     0x0000000000000a03       0x3a ../Lab4Task2_bsp/\libhal_bsp.a(alt_irq_handler.o)
                                        0x1d5 (size before relaxing)
 .debug_str     0x0000000000000a3d       0x20 ../Lab4Task2_bsp/\libhal_bsp.a(altera_nios2_gen2_irq.o)
                                        0x1a2 (size before relaxing)
 .debug_str     0x0000000000000a5d      0x48b ../Lab4Task2_bsp/\libhal_bsp.a(alt_instruction_exception_entry.o)
                                        0x5bd (size before relaxing)
 .debug_str     0x0000000000000ee8      0x134 c:/intelfpga_lite/18.1/nios2eds/bin/gnu/h-x86_64-mingw32/bin/../lib/gcc/nios2-elf/5.3.0/../../../../../H-x86_64-mingw32/nios2-elf/lib/mno-hw-mul\libsmallc.a(lib_a-int_errno.o)
                                        0x1d8 (size before relaxing)
 .debug_str     0x000000000000101c       0xd9 c:/intelfpga_lite/18.1/nios2eds/bin/gnu/h-x86_64-mingw32/bin/../lib/gcc/nios2-elf/5.3.0/../../../../../H-x86_64-mingw32/nios2-elf/lib/mno-hw-mul\libsmallc.a(lib_a-memcmp.o)
                                        0x1df (size before relaxing)
 .debug_str     0x00000000000010f5       0x3d c:/intelfpga_lite/18.1/nios2eds/bin/gnu/h-x86_64-mingw32/bin/../lib/gcc/nios2-elf/5.3.0/../../../../../H-x86_64-mingw32/nios2-elf/lib/mno-hw-mul\libsmallc.a(lib_a-strlen.o)
                                        0x1e5 (size before relaxing)

.debug_loc      0x0000000000000000      0x78e
 *(.debug_loc)
 .debug_loc     0x0000000000000000       0xf6 obj/default/hello_world_small.o
 .debug_loc     0x00000000000000f6       0xfa ../Lab4Task2_bsp/\libhal_bsp.a(alt_irq_register.o)
 .debug_loc     0x00000000000001f0      0x1de ../Lab4Task2_bsp/\libhal_bsp.a(alt_printf.o)
 .debug_loc     0x00000000000003ce       0x2c ../Lab4Task2_bsp/\libhal_bsp.a(alt_putchar.o)
 .debug_loc     0x00000000000003fa       0x21 ../Lab4Task2_bsp/\libhal_bsp.a(alt_sys_init.o)
 .debug_loc     0x000000000000041b       0x8b ../Lab4Task2_bsp/\libhal_bsp.a(altera_avalon_jtag_uart_write.o)
 .debug_loc     0x00000000000004a6       0x63 ../Lab4Task2_bsp/\libhal_bsp.a(altera_up_avalon_accelerometer_spi.o)
 .debug_loc     0x0000000000000509       0x7e ../Lab4Task2_bsp/\libhal_bsp.a(alt_dev_llist_insert.o)
 .debug_loc     0x0000000000000587       0x7e ../Lab4Task2_bsp/\libhal_bsp.a(alt_find_dev.o)
 .debug_loc     0x0000000000000605       0x72 ../Lab4Task2_bsp/\libhal_bsp.a(alt_irq_handler.o)
 .debug_loc     0x0000000000000677       0x65 ../Lab4Task2_bsp/\libhal_bsp.a(alt_instruction_exception_entry.o)
 .debug_loc     0x00000000000006dc       0x94 c:/intelfpga_lite/18.1/nios2eds/bin/gnu/h-x86_64-mingw32/bin/../lib/gcc/nios2-elf/5.3.0/../../../../../H-x86_64-mingw32/nios2-elf/lib/mno-hw-mul\libsmallc.a(lib_a-memcmp.o)
 .debug_loc     0x0000000000000770       0x1e c:/intelfpga_lite/18.1/nios2eds/bin/gnu/h-x86_64-mingw32/bin/../lib/gcc/nios2-elf/5.3.0/../../../../../H-x86_64-mingw32/nios2-elf/lib/mno-hw-mul\libsmallc.a(lib_a-strlen.o)

.debug_macinfo
 *(.debug_macinfo)

.debug_weaknames
 *(.debug_weaknames)

.debug_funcnames
 *(.debug_funcnames)

.debug_typenames
 *(.debug_typenames)

.debug_varnames
 *(.debug_varnames)

.debug_alt_sim_info
                0x0000000000000000       0x10
 *(.debug_alt_sim_info)
 .debug_alt_sim_info
                0x0000000000000000       0x10 ../Lab4Task2_bsp//obj/HAL/src/crt0.o
                0x0000000000020000                __alt_data_end = 0x20000
                0x0000000000020000                PROVIDE (__alt_stack_pointer, __alt_data_end)
                [!provide]                        PROVIDE (__alt_stack_limit, __alt_stack_base)
                [!provide]                        PROVIDE (__alt_heap_start, end)
                [!provide]                        PROVIDE (__alt_heap_limit, 0x20000)
OUTPUT(Lab4Task2.elf elf32-littlenios2)

.debug_ranges   0x0000000000000000      0x170
 .debug_ranges  0x0000000000000000       0x20 ../Lab4Task2_bsp//obj/HAL/src/crt0.o
 .debug_ranges  0x0000000000000020       0x18 obj/default/hello_world_small.o
 .debug_ranges  0x0000000000000038       0x48 ../Lab4Task2_bsp/\libhal_bsp.a(alt_load.o)
 .debug_ranges  0x0000000000000080       0x18 ../Lab4Task2_bsp/\libhal_bsp.a(alt_printf.o)
 .debug_ranges  0x0000000000000098       0x18 ../Lab4Task2_bsp/\libhal_bsp.a(alt_sys_init.o)
 .debug_ranges  0x00000000000000b0       0x20 ../Lab4Task2_bsp/\libhal_bsp.a(alt_dev_llist_insert.o)
 .debug_ranges  0x00000000000000d0       0x28 ../Lab4Task2_bsp/\libhal_bsp.a(alt_irq_entry.o)
 .debug_ranges  0x00000000000000f8       0x10 ../Lab4Task2_bsp/\libhal_bsp.a(alt_irq_handler.o)
 .debug_ranges  0x0000000000000108       0x30 ../Lab4Task2_bsp/\libhal_bsp.a(alt_exception_entry.o)
 .debug_ranges  0x0000000000000138       0x18 ../Lab4Task2_bsp/\libhal_bsp.a(alt_instruction_exception_entry.o)
 .debug_ranges  0x0000000000000150       0x10 c:/intelfpga_lite/18.1/nios2eds/bin/gnu/h-x86_64-mingw32/bin/../lib/gcc/nios2-elf/5.3.0/../../../../../H-x86_64-mingw32/nios2-elf/lib/mno-hw-mul\libsmallc.a(lib_a-memcmp.o)
 .debug_ranges  0x0000000000000160       0x10 c:/intelfpga_lite/18.1/nios2eds/bin/gnu/h-x86_64-mingw32/bin/../lib/gcc/nios2-elf/5.3.0/../../../../../H-x86_64-mingw32/nios2-elf/lib/mno-hw-mul\libsmallc.a(lib_a-strlen.o)
