Archive member included to satisfy reference by file (symbol)

c:/intelfpga_lite/18.1/nios2eds/bin/gnu/h-x86_64-mingw32/bin/../lib/gcc/nios2-elf/5.3.0/mno-hw-mul\libgcc.a(lib2-divmod.o)
                              obj/default/hello_world_small.o (__modsi3)
../DE_seven_segment_display_bsp/\libhal_bsp.a(alt_getchar.o)
                              obj/default/hello_world_small.o (alt_getchar)
../DE_seven_segment_display_bsp/\libhal_bsp.a(alt_load.o)
                              ../DE_seven_segment_display_bsp//obj/HAL/src/crt0.o (alt_load)
../DE_seven_segment_display_bsp/\libhal_bsp.a(alt_main.o)
                              ../DE_seven_segment_display_bsp//obj/HAL/src/crt0.o (alt_main)
../DE_seven_segment_display_bsp/\libhal_bsp.a(alt_putstr.o)
                              obj/default/hello_world_small.o (alt_putstr)
../DE_seven_segment_display_bsp/\libhal_bsp.a(alt_sys_init.o)
                              ../DE_seven_segment_display_bsp/\libhal_bsp.a(alt_main.o) (alt_irq_init)
../DE_seven_segment_display_bsp/\libhal_bsp.a(altera_avalon_jtag_uart_read.o)
                              ../DE_seven_segment_display_bsp/\libhal_bsp.a(alt_getchar.o) (altera_avalon_jtag_uart_read)
../DE_seven_segment_display_bsp/\libhal_bsp.a(altera_avalon_jtag_uart_write.o)
                              ../DE_seven_segment_display_bsp/\libhal_bsp.a(alt_putstr.o) (altera_avalon_jtag_uart_write)
../DE_seven_segment_display_bsp/\libhal_bsp.a(alt_dcache_flush_all.o)
                              ../DE_seven_segment_display_bsp/\libhal_bsp.a(alt_load.o) (alt_dcache_flush_all)
../DE_seven_segment_display_bsp/\libhal_bsp.a(alt_dev.o)
                              ../DE_seven_segment_display_bsp/\libhal_bsp.a(alt_getchar.o) (alt_fd_list)
../DE_seven_segment_display_bsp/\libhal_bsp.a(alt_icache_flush_all.o)
                              ../DE_seven_segment_display_bsp/\libhal_bsp.a(alt_load.o) (alt_icache_flush_all)
../DE_seven_segment_display_bsp/\libhal_bsp.a(altera_nios2_gen2_irq.o)
                              ../DE_seven_segment_display_bsp/\libhal_bsp.a(alt_sys_init.o) (altera_nios2_gen2_irq_init)
c:/intelfpga_lite/18.1/nios2eds/bin/gnu/h-x86_64-mingw32/bin/../lib/gcc/nios2-elf/5.3.0/../../../../../H-x86_64-mingw32/nios2-elf/lib/mno-hw-mul\libsmallc.a(lib_a-strlen.o)
                              ../DE_seven_segment_display_bsp/\libhal_bsp.a(alt_putstr.o) (strlen)

Allocating common symbols
Common symbol       size              file

pause               0x4               obj/default/hello_world_small.o
dancing             0x4               obj/default/hello_world_small.o
disp_off            0x4               obj/default/hello_world_small.o
reverse             0x4               obj/default/hello_world_small.o
prevLetter          0x1               obj/default/hello_world_small.o
flag                0x4               obj/default/hello_world_small.o
length              0x4               obj/default/hello_world_small.o
text                0x200             obj/default/hello_world_small.o
dance_dir           0x4               obj/default/hello_world_small.o
slowdown_toggle     0x4               obj/default/hello_world_small.o
enteredText         0x100             obj/default/hello_world_small.o
toggle              0x4               obj/default/hello_world_small.o
speedup_toggle      0x4               obj/default/hello_world_small.o
upsideDown          0x4               obj/default/hello_world_small.o
dance_state         0x4               obj/default/hello_world_small.o
re_enter            0x4               obj/default/hello_world_small.o

Memory Configuration

Name             Origin             Length             Attributes
reset            0x0000000000010000 0x0000000000000020
onchip_memory    0x0000000000010020 0x000000000000ffe0
*default*        0x0000000000000000 0xffffffffffffffff

Linker script and memory map

LOAD ../DE_seven_segment_display_bsp//obj/HAL/src/crt0.o
LOAD obj/default/hello_world_small.o
LOAD c:/intelfpga_lite/18.1/nios2eds/bin/gnu/h-x86_64-mingw32/bin/../lib/gcc/nios2-elf/5.3.0/../../../../../H-x86_64-mingw32/nios2-elf/lib/mno-hw-mul\libstdc++.a
LOAD c:/intelfpga_lite/18.1/nios2eds/bin/gnu/h-x86_64-mingw32/bin/../lib/gcc/nios2-elf/5.3.0/../../../../../H-x86_64-mingw32/nios2-elf/lib/mno-hw-mul\libm.a
LOAD c:/intelfpga_lite/18.1/nios2eds/bin/gnu/h-x86_64-mingw32/bin/../lib/gcc/nios2-elf/5.3.0/mno-hw-mul\libgcc.a
START GROUP
LOAD c:/intelfpga_lite/18.1/nios2eds/bin/gnu/h-x86_64-mingw32/bin/../lib/gcc/nios2-elf/5.3.0/../../../../../H-x86_64-mingw32/nios2-elf/lib/mno-hw-mul\libsmallc.a
LOAD c:/intelfpga_lite/18.1/nios2eds/bin/gnu/h-x86_64-mingw32/bin/../lib/gcc/nios2-elf/5.3.0/mno-hw-mul\libgcc.a
LOAD ../DE_seven_segment_display_bsp/\libhal_bsp.a
LOAD c:/intelfpga_lite/18.1/nios2eds/bin/gnu/h-x86_64-mingw32/bin/../lib/gcc/nios2-elf/5.3.0/../../../../../H-x86_64-mingw32/nios2-elf/lib/mno-hw-mul\libm.a
END GROUP
LOAD c:/intelfpga_lite/18.1/nios2eds/bin/gnu/h-x86_64-mingw32/bin/../lib/gcc/nios2-elf/5.3.0/mno-hw-mul\libgcc.a
                0x0000000000010000                __alt_mem_onchip_memory = 0x10000

.entry          0x0000000000010000       0x20
 *(.entry)
 .entry         0x0000000000010000       0x20 ../DE_seven_segment_display_bsp//obj/HAL/src/crt0.o
                0x0000000000010000                __reset
                0x000000000001000c                _exit

.exceptions     0x0000000000010020        0x0
                0x0000000000010020                PROVIDE (__ram_exceptions_start, ABSOLUTE (.))
                0x0000000000010020                . = ALIGN (0x20)
 *(.irq)
 *(.exceptions.entry.label)
 *(.exceptions.entry.user)
 *(.exceptions.entry.ecc_fatal)
 *(.exceptions.entry)
 *(.exceptions.irqtest.user)
 *(.exceptions.irqtest)
 *(.exceptions.irqhandler.user)
 *(.exceptions.irqhandler)
 *(.exceptions.irqreturn.user)
 *(.exceptions.irqreturn)
 *(.exceptions.notirq.label)
 *(.exceptions.notirq.user)
 *(.exceptions.notirq)
 *(.exceptions.soft.user)
 *(.exceptions.soft)
 *(.exceptions.unknown.user)
 *(.exceptions.unknown)
 *(.exceptions.exit.label)
 *(.exceptions.exit.user)
 *(.exceptions.exit)
 *(.exceptions)
                0x0000000000010020                PROVIDE (__ram_exceptions_end, ABSOLUTE (.))
                0x0000000000010020                PROVIDE (__flash_exceptions_start, LOADADDR (.exceptions))

.text           0x0000000000010020      0xf14
                [!provide]                        PROVIDE (stext, ABSOLUTE (.))
 *(.interp)
 *(.hash)
 *(.dynsym)
 *(.dynstr)
 *(.gnu.version)
 *(.gnu.version_d)
 *(.gnu.version_r)
 *(.rel.init)
 *(.rela.init)
 *(.rel.text .rel.text.* .rel.gnu.linkonce.t.*)
 *(.rela.text .rela.text.* .rela.gnu.linkonce.t.*)
 *(.rel.fini)
 *(.rela.fini)
 *(.rel.rodata .rel.rodata.* .rel.gnu.linkonce.r.*)
 *(.rela.rodata .rela.rodata.* .rela.gnu.linkonce.r.*)
 *(.rel.data .rel.data.* .rel.gnu.linkonce.d.*)
 *(.rela.data .rela.data.* .rela.gnu.linkonce.d.*)
 *(.rel.tdata .rel.tdata.* .rel.gnu.linkonce.td.*)
 *(.rela.tdata .rela.tdata.* .rela.gnu.linkonce.td.*)
 *(.rel.tbss .rel.tbss.* .rel.gnu.linkonce.tb.*)
 *(.rela.tbss .rela.tbss.* .rela.gnu.linkonce.tb.*)
 *(.rel.ctors)
 *(.rela.ctors)
 *(.rel.dtors)
 *(.rela.dtors)
 *(.rel.got)
 *(.rela.got)
 *(.rel.sdata .rel.sdata.* .rel.gnu.linkonce.s.*)
 *(.rela.sdata .rela.sdata.* .rela.gnu.linkonce.s.*)
 *(.rel.sbss .rel.sbss.* .rel.gnu.linkonce.sb.*)
 *(.rela.sbss .rela.sbss.* .rela.gnu.linkonce.sb.*)
 *(.rel.sdata2 .rel.sdata2.* .rel.gnu.linkonce.s2.*)
 *(.rela.sdata2 .rela.sdata2.* .rela.gnu.linkonce.s2.*)
 *(.rel.sbss2 .rel.sbss2.* .rel.gnu.linkonce.sb2.*)
 *(.rela.sbss2 .rela.sbss2.* .rela.gnu.linkonce.sb2.*)
 *(.rel.bss .rel.bss.* .rel.gnu.linkonce.b.*)
 *(.rela.bss .rela.bss.* .rela.gnu.linkonce.b.*)
 *(.rel.plt)
 *(.rela.plt)
 *(.rel.dyn)
 *(.init)
 *(.plt)
 *(.text .stub .text.* .gnu.linkonce.t.*)
 .text          0x0000000000010020       0x3c ../DE_seven_segment_display_bsp//obj/HAL/src/crt0.o
                0x0000000000010020                _start
 .text          0x000000000001005c      0x980 obj/default/hello_world_small.o
                0x000000000001005c                getTxt
                0x00000000000100e4                getActualText
                0x0000000000010184                updateText
                0x00000000000101ec                initializeDisplay
                0x00000000000102b4                clearActualText
                0x00000000000102dc                updateTimer
                0x0000000000010304                updateLocation
                0x00000000000103c0                updatePBState
                0x0000000000010550                getBin
                0x000000000001057c                getBinaryLetter
                0x00000000000105f8                getBinLowLow
                0x000000000001062c                getBinLow
                0x0000000000010680                getBinHigh
                0x00000000000106d4                getBinHighHigh
                0x0000000000010708                print
                0x000000000001075c                print_letters
 .text.startup  0x00000000000109dc      0x134 obj/default/hello_world_small.o
                0x00000000000109dc                main
 .text          0x0000000000010b10      0x1b4 c:/intelfpga_lite/18.1/nios2eds/bin/gnu/h-x86_64-mingw32/bin/../lib/gcc/nios2-elf/5.3.0/mno-hw-mul\libgcc.a(lib2-divmod.o)
                0x0000000000010b10                __divsi3
                0x0000000000010b94                __modsi3
                0x0000000000010c08                __udivsi3
                0x0000000000010c6c                __umodsi3
 .text          0x0000000000010cc4       0x44 ../DE_seven_segment_display_bsp/\libhal_bsp.a(alt_getchar.o)
                0x0000000000010cc4                alt_getchar
 .text          0x0000000000010d08       0xe0 ../DE_seven_segment_display_bsp/\libhal_bsp.a(alt_load.o)
                0x0000000000010d08                alt_load
 .text          0x0000000000010de8       0x2c ../DE_seven_segment_display_bsp/\libhal_bsp.a(alt_main.o)
                0x0000000000010de8                alt_main
 .text          0x0000000000010e14       0x38 ../DE_seven_segment_display_bsp/\libhal_bsp.a(alt_putstr.o)
                0x0000000000010e14                alt_putstr
 .text          0x0000000000010e4c       0x24 ../DE_seven_segment_display_bsp/\libhal_bsp.a(alt_sys_init.o)
                0x0000000000010e4c                alt_irq_init
                0x0000000000010e6c                alt_sys_init
 .text          0x0000000000010e70       0x5c ../DE_seven_segment_display_bsp/\libhal_bsp.a(altera_avalon_jtag_uart_read.o)
                0x0000000000010e70                altera_avalon_jtag_uart_read
 .text          0x0000000000010ecc       0x34 ../DE_seven_segment_display_bsp/\libhal_bsp.a(altera_avalon_jtag_uart_write.o)
                0x0000000000010ecc                altera_avalon_jtag_uart_write
 .text          0x0000000000010f00        0x4 ../DE_seven_segment_display_bsp/\libhal_bsp.a(alt_dcache_flush_all.o)
                0x0000000000010f00                alt_dcache_flush_all
 .text          0x0000000000010f04        0x8 ../DE_seven_segment_display_bsp/\libhal_bsp.a(alt_dev.o)
 .text          0x0000000000010f0c        0x4 ../DE_seven_segment_display_bsp/\libhal_bsp.a(alt_icache_flush_all.o)
                0x0000000000010f0c                alt_icache_flush_all
 .text          0x0000000000010f10        0x8 ../DE_seven_segment_display_bsp/\libhal_bsp.a(altera_nios2_gen2_irq.o)
                0x0000000000010f10                altera_nios2_gen2_irq_init
 .text          0x0000000000010f18        0x0 c:/intelfpga_lite/18.1/nios2eds/bin/gnu/h-x86_64-mingw32/bin/../lib/gcc/nios2-elf/5.3.0/../../../../../H-x86_64-mingw32/nios2-elf/lib/mno-hw-mul\libsmallc.a(lib_a-strlen.o)
 .text.strlen   0x0000000000010f18       0x1c c:/intelfpga_lite/18.1/nios2eds/bin/gnu/h-x86_64-mingw32/bin/../lib/gcc/nios2-elf/5.3.0/../../../../../H-x86_64-mingw32/nios2-elf/lib/mno-hw-mul\libsmallc.a(lib_a-strlen.o)
                0x0000000000010f18                strlen
 *(.gnu.warning.*)
 *(.fini)
                [!provide]                        PROVIDE (__etext, ABSOLUTE (.))
                [!provide]                        PROVIDE (_etext, ABSOLUTE (.))
                [!provide]                        PROVIDE (etext, ABSOLUTE (.))
 *(.eh_frame_hdr)
                0x0000000000010f34                . = ALIGN (0x4)
                [!provide]                        PROVIDE (__preinit_array_start, ABSOLUTE (.))
 *(.preinit_array)
                [!provide]                        PROVIDE (__preinit_array_end, ABSOLUTE (.))
                [!provide]                        PROVIDE (__init_array_start, ABSOLUTE (.))
 *(.init_array)
                [!provide]                        PROVIDE (__init_array_end, ABSOLUTE (.))
                [!provide]                        PROVIDE (__fini_array_start, ABSOLUTE (.))
 *(.fini_array)
                [!provide]                        PROVIDE (__fini_array_end, ABSOLUTE (.))
 *(.eh_frame)
 *(.gcc_except_table .gcc_except_table.*)
 *(.dynamic)
                [!provide]                        PROVIDE (__CTOR_LIST__, ABSOLUTE (.))
 *(.ctors)
 *(SORT(.ctors.*))
                [!provide]                        PROVIDE (__CTOR_END__, ABSOLUTE (.))
                [!provide]                        PROVIDE (__DTOR_LIST__, ABSOLUTE (.))
 *(.dtors)
 *(SORT(.dtors.*))
                [!provide]                        PROVIDE (__DTOR_END__, ABSOLUTE (.))
 *(.jcr)
                0x0000000000010f34                . = ALIGN (0x4)

.rodata         0x0000000000010f34      0x204
                0x0000000000010f34                PROVIDE (__ram_rodata_start, ABSOLUTE (.))
                0x0000000000010f34                . = ALIGN (0x4)
 *(.rodata .rodata.* .gnu.linkonce.r.*)
 .rodata.str1.4
                0x0000000000010f34      0x1cd obj/default/hello_world_small.o
 .rodata        0x0000000000011101       0x2b obj/default/hello_world_small.o
 .rodata.str1.4
                0x000000000001112c        0xc ../DE_seven_segment_display_bsp/\libhal_bsp.a(alt_dev.o)
                                          0xa (size before relaxing)
 *(.rodata1)
                0x0000000000011138                . = ALIGN (0x4)
                0x0000000000011138                PROVIDE (__ram_rodata_end, ABSOLUTE (.))
                0x0000000000010f34                PROVIDE (__flash_rodata_start, LOADADDR (.rodata))

.rwdata         0x0000000000011138       0x74 load address 0x00000000000111ac
                0x0000000000011138                PROVIDE (__ram_rwdata_start, ABSOLUTE (.))
                0x0000000000011138                . = ALIGN (0x4)
 *(.got.plt)
 *(.got)
 *(.data1)
 *(.data .data.* .gnu.linkonce.d.*)
 .data          0x0000000000011138        0x0 ../DE_seven_segment_display_bsp//obj/HAL/src/crt0.o
 .data          0x0000000000011138        0x0 obj/default/hello_world_small.o
 .data          0x0000000000011138        0x0 c:/intelfpga_lite/18.1/nios2eds/bin/gnu/h-x86_64-mingw32/bin/../lib/gcc/nios2-elf/5.3.0/mno-hw-mul\libgcc.a(lib2-divmod.o)
 .data          0x0000000000011138        0x0 ../DE_seven_segment_display_bsp/\libhal_bsp.a(alt_getchar.o)
 .data          0x0000000000011138        0x0 ../DE_seven_segment_display_bsp/\libhal_bsp.a(alt_load.o)
 .data          0x0000000000011138        0x0 ../DE_seven_segment_display_bsp/\libhal_bsp.a(alt_main.o)
 .data          0x0000000000011138        0x0 ../DE_seven_segment_display_bsp/\libhal_bsp.a(alt_putstr.o)
 .data          0x0000000000011138        0x0 ../DE_seven_segment_display_bsp/\libhal_bsp.a(alt_sys_init.o)
 .data          0x0000000000011138        0x0 ../DE_seven_segment_display_bsp/\libhal_bsp.a(altera_avalon_jtag_uart_read.o)
 .data          0x0000000000011138        0x0 ../DE_seven_segment_display_bsp/\libhal_bsp.a(altera_avalon_jtag_uart_write.o)
 .data          0x0000000000011138        0x0 ../DE_seven_segment_display_bsp/\libhal_bsp.a(alt_dcache_flush_all.o)
 .data          0x0000000000011138       0x58 ../DE_seven_segment_display_bsp/\libhal_bsp.a(alt_dev.o)
                0x0000000000011138                alt_fd_list
                0x0000000000011168                alt_dev_null
 .data          0x0000000000011190        0x0 ../DE_seven_segment_display_bsp/\libhal_bsp.a(alt_icache_flush_all.o)
 .data          0x0000000000011190        0x0 ../DE_seven_segment_display_bsp/\libhal_bsp.a(altera_nios2_gen2_irq.o)
 .data          0x0000000000011190        0x0 c:/intelfpga_lite/18.1/nios2eds/bin/gnu/h-x86_64-mingw32/bin/../lib/gcc/nios2-elf/5.3.0/../../../../../H-x86_64-mingw32/nios2-elf/lib/mno-hw-mul\libsmallc.a(lib_a-strlen.o)
                0x0000000000019190                _gp = ABSOLUTE ((. + 0x8000))
                [!provide]                        PROVIDE (gp, _gp)
 *(.rwdata .rwdata.*)
 *(.sdata .sdata.* .gnu.linkonce.s.*)
 .sdata         0x0000000000011190        0x4 obj/default/hello_world_small.o
                0x0000000000011190                timer
 .sdata         0x0000000000011194        0x4 ../DE_seven_segment_display_bsp/\libhal_bsp.a(alt_sys_init.o)
                0x0000000000011194                jtag_uart
 .sdata         0x0000000000011198       0x14 ../DE_seven_segment_display_bsp/\libhal_bsp.a(alt_dev.o)
                0x0000000000011198                alt_max_fd
                0x000000000001119c                alt_dev_list
                0x00000000000111a4                alt_fs_list
 *(.sdata2 .sdata2.* .gnu.linkonce.s2.*)
                0x00000000000111ac                . = ALIGN (0x4)
                0x00000000000111ac                _edata = ABSOLUTE (.)
                [!provide]                        PROVIDE (edata, ABSOLUTE (.))
                0x00000000000111ac                PROVIDE (__ram_rwdata_end, ABSOLUTE (.))
                0x00000000000111ac                PROVIDE (__flash_rwdata_start, LOADADDR (.rwdata))

.bss            0x0000000000011220      0x344
                0x0000000000011220                __bss_start = ABSOLUTE (.)
                [!provide]                        PROVIDE (__sbss_start, ABSOLUTE (.))
                [!provide]                        PROVIDE (___sbss_start, ABSOLUTE (.))
 *(.dynsbss)
 *(.sbss .sbss.* .gnu.linkonce.sb.*)
 .sbss          0x0000000000011220       0x38 obj/default/hello_world_small.o
                0x0000000000011220                pause
                0x0000000000011224                dancing
                0x0000000000011228                disp_off
                0x000000000001122c                reverse
                0x0000000000011230                prevLetter
                0x0000000000011234                flag
                0x0000000000011238                length
                0x000000000001123c                dance_dir
                0x0000000000011240                slowdown_toggle
                0x0000000000011244                toggle
                0x0000000000011248                speedup_toggle
                0x000000000001124c                upsideDown
                0x0000000000011250                dance_state
                0x0000000000011254                re_enter
 .sbss          0x0000000000011258        0xc ../DE_seven_segment_display_bsp/\libhal_bsp.a(alt_main.o)
                0x0000000000011258                alt_envp
                0x000000000001125c                alt_argv
                0x0000000000011260                alt_argc
 *(.sbss2 .sbss2.* .gnu.linkonce.sb2.*)
 *(.scommon)
                [!provide]                        PROVIDE (__sbss_end, ABSOLUTE (.))
                [!provide]                        PROVIDE (___sbss_end, ABSOLUTE (.))
 *(.dynbss)
 *(.bss .bss.* .gnu.linkonce.b.*)
 .bss           0x0000000000011264        0x0 ../DE_seven_segment_display_bsp//obj/HAL/src/crt0.o
 .bss           0x0000000000011264        0x0 obj/default/hello_world_small.o
 .bss           0x0000000000011264        0x0 c:/intelfpga_lite/18.1/nios2eds/bin/gnu/h-x86_64-mingw32/bin/../lib/gcc/nios2-elf/5.3.0/mno-hw-mul\libgcc.a(lib2-divmod.o)
 .bss           0x0000000000011264        0x0 ../DE_seven_segment_display_bsp/\libhal_bsp.a(alt_getchar.o)
 .bss           0x0000000000011264        0x0 ../DE_seven_segment_display_bsp/\libhal_bsp.a(alt_load.o)
 .bss           0x0000000000011264        0x0 ../DE_seven_segment_display_bsp/\libhal_bsp.a(alt_main.o)
 .bss           0x0000000000011264        0x0 ../DE_seven_segment_display_bsp/\libhal_bsp.a(alt_putstr.o)
 .bss           0x0000000000011264        0x0 ../DE_seven_segment_display_bsp/\libhal_bsp.a(alt_sys_init.o)
 .bss           0x0000000000011264        0x0 ../DE_seven_segment_display_bsp/\libhal_bsp.a(altera_avalon_jtag_uart_read.o)
 .bss           0x0000000000011264        0x0 ../DE_seven_segment_display_bsp/\libhal_bsp.a(altera_avalon_jtag_uart_write.o)
 .bss           0x0000000000011264        0x0 ../DE_seven_segment_display_bsp/\libhal_bsp.a(alt_dcache_flush_all.o)
 .bss           0x0000000000011264        0x0 ../DE_seven_segment_display_bsp/\libhal_bsp.a(alt_dev.o)
 .bss           0x0000000000011264        0x0 ../DE_seven_segment_display_bsp/\libhal_bsp.a(alt_icache_flush_all.o)
 .bss           0x0000000000011264        0x0 ../DE_seven_segment_display_bsp/\libhal_bsp.a(altera_nios2_gen2_irq.o)
 .bss           0x0000000000011264        0x0 c:/intelfpga_lite/18.1/nios2eds/bin/gnu/h-x86_64-mingw32/bin/../lib/gcc/nios2-elf/5.3.0/../../../../../H-x86_64-mingw32/nios2-elf/lib/mno-hw-mul\libsmallc.a(lib_a-strlen.o)
 *(COMMON)
 COMMON         0x0000000000011264      0x300 obj/default/hello_world_small.o
                0x0000000000011264                text
                0x0000000000011464                enteredText
                0x0000000000011564                . = ALIGN (0x4)
                0x0000000000011564                __bss_end = ABSOLUTE (.)

.onchip_memory  0x0000000000011564        0x0
                [!provide]                        PROVIDE (_alt_partition_onchip_memory_start, ABSOLUTE (.))
 *(.onchip_memory .onchip_memory. onchip_memory.*)
                0x0000000000011564                . = ALIGN (0x4)
                [!provide]                        PROVIDE (_alt_partition_onchip_memory_end, ABSOLUTE (.))
                0x0000000000011564                _end = ABSOLUTE (.)
                0x0000000000011564                end = ABSOLUTE (.)
                0x0000000000011564                __alt_stack_base = ABSOLUTE (.)
                [!provide]                        PROVIDE (_alt_partition_onchip_memory_load_addr, LOADADDR (.onchip_memory))

.stab
 *(.stab)

.stabstr
 *(.stabstr)

.stab.excl
 *(.stab.excl)

.stab.exclstr
 *(.stab.exclstr)

.stab.index
 *(.stab.index)

.stab.indexstr
 *(.stab.indexstr)

.comment        0x0000000000000000       0x23
 *(.comment)
 .comment       0x0000000000000000       0x23 obj/default/hello_world_small.o
                                         0x24 (size before relaxing)
 .comment       0x0000000000000023       0x24 c:/intelfpga_lite/18.1/nios2eds/bin/gnu/h-x86_64-mingw32/bin/../lib/gcc/nios2-elf/5.3.0/mno-hw-mul\libgcc.a(lib2-divmod.o)
 .comment       0x0000000000000023       0x24 ../DE_seven_segment_display_bsp/\libhal_bsp.a(alt_getchar.o)
 .comment       0x0000000000000023       0x24 ../DE_seven_segment_display_bsp/\libhal_bsp.a(alt_load.o)
 .comment       0x0000000000000023       0x24 ../DE_seven_segment_display_bsp/\libhal_bsp.a(alt_main.o)
 .comment       0x0000000000000023       0x24 ../DE_seven_segment_display_bsp/\libhal_bsp.a(alt_putstr.o)
 .comment       0x0000000000000023       0x24 ../DE_seven_segment_display_bsp/\libhal_bsp.a(alt_sys_init.o)
 .comment       0x0000000000000023       0x24 ../DE_seven_segment_display_bsp/\libhal_bsp.a(altera_avalon_jtag_uart_read.o)
 .comment       0x0000000000000023       0x24 ../DE_seven_segment_display_bsp/\libhal_bsp.a(altera_avalon_jtag_uart_write.o)
 .comment       0x0000000000000023       0x24 ../DE_seven_segment_display_bsp/\libhal_bsp.a(alt_dcache_flush_all.o)
 .comment       0x0000000000000023       0x24 ../DE_seven_segment_display_bsp/\libhal_bsp.a(alt_dev.o)
 .comment       0x0000000000000023       0x24 ../DE_seven_segment_display_bsp/\libhal_bsp.a(alt_icache_flush_all.o)
 .comment       0x0000000000000023       0x24 ../DE_seven_segment_display_bsp/\libhal_bsp.a(altera_nios2_gen2_irq.o)
 .comment       0x0000000000000023       0x24 c:/intelfpga_lite/18.1/nios2eds/bin/gnu/h-x86_64-mingw32/bin/../lib/gcc/nios2-elf/5.3.0/../../../../../H-x86_64-mingw32/nios2-elf/lib/mno-hw-mul\libsmallc.a(lib_a-strlen.o)

.debug
 *(.debug)

.line
 *(.line)

.debug_srcinfo
 *(.debug_srcinfo)

.debug_sfnames
 *(.debug_sfnames)

.debug_aranges  0x0000000000000000      0x1f0
 *(.debug_aranges)
 .debug_aranges
                0x0000000000000000       0x28 ../DE_seven_segment_display_bsp//obj/HAL/src/crt0.o
 .debug_aranges
                0x0000000000000028       0x28 obj/default/hello_world_small.o
 .debug_aranges
                0x0000000000000050       0x20 c:/intelfpga_lite/18.1/nios2eds/bin/gnu/h-x86_64-mingw32/bin/../lib/gcc/nios2-elf/5.3.0/mno-hw-mul\libgcc.a(lib2-divmod.o)
 .debug_aranges
                0x0000000000000070       0x20 ../DE_seven_segment_display_bsp/\libhal_bsp.a(alt_getchar.o)
 .debug_aranges
                0x0000000000000090       0x20 ../DE_seven_segment_display_bsp/\libhal_bsp.a(alt_load.o)
 .debug_aranges
                0x00000000000000b0       0x20 ../DE_seven_segment_display_bsp/\libhal_bsp.a(alt_main.o)
 .debug_aranges
                0x00000000000000d0       0x20 ../DE_seven_segment_display_bsp/\libhal_bsp.a(alt_putstr.o)
 .debug_aranges
                0x00000000000000f0       0x20 ../DE_seven_segment_display_bsp/\libhal_bsp.a(alt_sys_init.o)
 .debug_aranges
                0x0000000000000110       0x20 ../DE_seven_segment_display_bsp/\libhal_bsp.a(altera_avalon_jtag_uart_read.o)
 .debug_aranges
                0x0000000000000130       0x20 ../DE_seven_segment_display_bsp/\libhal_bsp.a(altera_avalon_jtag_uart_write.o)
 .debug_aranges
                0x0000000000000150       0x20 ../DE_seven_segment_display_bsp/\libhal_bsp.a(alt_dcache_flush_all.o)
 .debug_aranges
                0x0000000000000170       0x20 ../DE_seven_segment_display_bsp/\libhal_bsp.a(alt_dev.o)
 .debug_aranges
                0x0000000000000190       0x20 ../DE_seven_segment_display_bsp/\libhal_bsp.a(alt_icache_flush_all.o)
 .debug_aranges
                0x00000000000001b0       0x20 ../DE_seven_segment_display_bsp/\libhal_bsp.a(altera_nios2_gen2_irq.o)
 .debug_aranges
                0x00000000000001d0       0x20 c:/intelfpga_lite/18.1/nios2eds/bin/gnu/h-x86_64-mingw32/bin/../lib/gcc/nios2-elf/5.3.0/../../../../../H-x86_64-mingw32/nios2-elf/lib/mno-hw-mul\libsmallc.a(lib_a-strlen.o)

.debug_pubnames
 *(.debug_pubnames)

.debug_info     0x0000000000000000     0x22b0
 *(.debug_info .gnu.linkonce.wi.*)
 .debug_info    0x0000000000000000       0x81 ../DE_seven_segment_display_bsp//obj/HAL/src/crt0.o
 .debug_info    0x0000000000000081      0xbe8 obj/default/hello_world_small.o
 .debug_info    0x0000000000000c69      0x2c6 c:/intelfpga_lite/18.1/nios2eds/bin/gnu/h-x86_64-mingw32/bin/../lib/gcc/nios2-elf/5.3.0/mno-hw-mul\libgcc.a(lib2-divmod.o)
 .debug_info    0x0000000000000f2f      0x32d ../DE_seven_segment_display_bsp/\libhal_bsp.a(alt_getchar.o)
 .debug_info    0x000000000000125c      0x1c9 ../DE_seven_segment_display_bsp/\libhal_bsp.a(alt_load.o)
 .debug_info    0x0000000000001425      0x169 ../DE_seven_segment_display_bsp/\libhal_bsp.a(alt_main.o)
 .debug_info    0x000000000000158e      0x13a ../DE_seven_segment_display_bsp/\libhal_bsp.a(alt_putstr.o)
 .debug_info    0x00000000000016c8      0x185 ../DE_seven_segment_display_bsp/\libhal_bsp.a(alt_sys_init.o)
 .debug_info    0x000000000000184d      0x1b4 ../DE_seven_segment_display_bsp/\libhal_bsp.a(altera_avalon_jtag_uart_read.o)
 .debug_info    0x0000000000001a01      0x197 ../DE_seven_segment_display_bsp/\libhal_bsp.a(altera_avalon_jtag_uart_write.o)
 .debug_info    0x0000000000001b98       0x92 ../DE_seven_segment_display_bsp/\libhal_bsp.a(alt_dcache_flush_all.o)
 .debug_info    0x0000000000001c2a      0x499 ../DE_seven_segment_display_bsp/\libhal_bsp.a(alt_dev.o)
 .debug_info    0x00000000000020c3       0x92 ../DE_seven_segment_display_bsp/\libhal_bsp.a(alt_icache_flush_all.o)
 .debug_info    0x0000000000002155       0x92 ../DE_seven_segment_display_bsp/\libhal_bsp.a(altera_nios2_gen2_irq.o)
 .debug_info    0x00000000000021e7       0xc9 c:/intelfpga_lite/18.1/nios2eds/bin/gnu/h-x86_64-mingw32/bin/../lib/gcc/nios2-elf/5.3.0/../../../../../H-x86_64-mingw32/nios2-elf/lib/mno-hw-mul\libsmallc.a(lib_a-strlen.o)

.debug_abbrev   0x0000000000000000      0xca3
 *(.debug_abbrev)
 .debug_abbrev  0x0000000000000000       0x12 ../DE_seven_segment_display_bsp//obj/HAL/src/crt0.o
 .debug_abbrev  0x0000000000000012      0x2d1 obj/default/hello_world_small.o
 .debug_abbrev  0x00000000000002e3      0x10e c:/intelfpga_lite/18.1/nios2eds/bin/gnu/h-x86_64-mingw32/bin/../lib/gcc/nios2-elf/5.3.0/mno-hw-mul\libgcc.a(lib2-divmod.o)
 .debug_abbrev  0x00000000000003f1      0x11d ../DE_seven_segment_display_bsp/\libhal_bsp.a(alt_getchar.o)
 .debug_abbrev  0x000000000000050e       0xd8 ../DE_seven_segment_display_bsp/\libhal_bsp.a(alt_load.o)
 .debug_abbrev  0x00000000000005e6       0xee ../DE_seven_segment_display_bsp/\libhal_bsp.a(alt_main.o)
 .debug_abbrev  0x00000000000006d4       0xd3 ../DE_seven_segment_display_bsp/\libhal_bsp.a(alt_putstr.o)
 .debug_abbrev  0x00000000000007a7      0x107 ../DE_seven_segment_display_bsp/\libhal_bsp.a(alt_sys_init.o)
 .debug_abbrev  0x00000000000008ae      0x102 ../DE_seven_segment_display_bsp/\libhal_bsp.a(altera_avalon_jtag_uart_read.o)
 .debug_abbrev  0x00000000000009b0       0xd5 ../DE_seven_segment_display_bsp/\libhal_bsp.a(altera_avalon_jtag_uart_write.o)
 .debug_abbrev  0x0000000000000a85       0x42 ../DE_seven_segment_display_bsp/\libhal_bsp.a(alt_dcache_flush_all.o)
 .debug_abbrev  0x0000000000000ac7       0xd9 ../DE_seven_segment_display_bsp/\libhal_bsp.a(alt_dev.o)
 .debug_abbrev  0x0000000000000ba0       0x42 ../DE_seven_segment_display_bsp/\libhal_bsp.a(alt_icache_flush_all.o)
 .debug_abbrev  0x0000000000000be2       0x42 ../DE_seven_segment_display_bsp/\libhal_bsp.a(altera_nios2_gen2_irq.o)
 .debug_abbrev  0x0000000000000c24       0x7f c:/intelfpga_lite/18.1/nios2eds/bin/gnu/h-x86_64-mingw32/bin/../lib/gcc/nios2-elf/5.3.0/../../../../../H-x86_64-mingw32/nios2-elf/lib/mno-hw-mul\libsmallc.a(lib_a-strlen.o)

.debug_line     0x0000000000000000      0xcdb
 *(.debug_line)
 .debug_line    0x0000000000000000       0x66 ../DE_seven_segment_display_bsp//obj/HAL/src/crt0.o
 .debug_line    0x0000000000000066      0x28e obj/default/hello_world_small.o
 .debug_line    0x00000000000002f4      0x105 c:/intelfpga_lite/18.1/nios2eds/bin/gnu/h-x86_64-mingw32/bin/../lib/gcc/nios2-elf/5.3.0/mno-hw-mul\libgcc.a(lib2-divmod.o)
 .debug_line    0x00000000000003f9       0xb7 ../DE_seven_segment_display_bsp/\libhal_bsp.a(alt_getchar.o)
 .debug_line    0x00000000000004b0       0xa4 ../DE_seven_segment_display_bsp/\libhal_bsp.a(alt_load.o)
 .debug_line    0x0000000000000554       0xbd ../DE_seven_segment_display_bsp/\libhal_bsp.a(alt_main.o)
 .debug_line    0x0000000000000611       0xa0 ../DE_seven_segment_display_bsp/\libhal_bsp.a(alt_putstr.o)
 .debug_line    0x00000000000006b1      0x101 ../DE_seven_segment_display_bsp/\libhal_bsp.a(alt_sys_init.o)
 .debug_line    0x00000000000007b2       0xfb ../DE_seven_segment_display_bsp/\libhal_bsp.a(altera_avalon_jtag_uart_read.o)
 .debug_line    0x00000000000008ad       0xf0 ../DE_seven_segment_display_bsp/\libhal_bsp.a(altera_avalon_jtag_uart_write.o)
 .debug_line    0x000000000000099d       0x4e ../DE_seven_segment_display_bsp/\libhal_bsp.a(alt_dcache_flush_all.o)
 .debug_line    0x00000000000009eb       0xf6 ../DE_seven_segment_display_bsp/\libhal_bsp.a(alt_dev.o)
 .debug_line    0x0000000000000ae1       0x4e ../DE_seven_segment_display_bsp/\libhal_bsp.a(alt_icache_flush_all.o)
 .debug_line    0x0000000000000b2f       0x50 ../DE_seven_segment_display_bsp/\libhal_bsp.a(altera_nios2_gen2_irq.o)
 .debug_line    0x0000000000000b7f      0x15c c:/intelfpga_lite/18.1/nios2eds/bin/gnu/h-x86_64-mingw32/bin/../lib/gcc/nios2-elf/5.3.0/../../../../../H-x86_64-mingw32/nios2-elf/lib/mno-hw-mul\libsmallc.a(lib_a-strlen.o)

.debug_frame    0x0000000000000000      0x428
 *(.debug_frame)
 .debug_frame   0x0000000000000000      0x204 obj/default/hello_world_small.o
 .debug_frame   0x0000000000000204       0x50 c:/intelfpga_lite/18.1/nios2eds/bin/gnu/h-x86_64-mingw32/bin/../lib/gcc/nios2-elf/5.3.0/mno-hw-mul\libgcc.a(lib2-divmod.o)
 .debug_frame   0x0000000000000254       0x2c ../DE_seven_segment_display_bsp/\libhal_bsp.a(alt_getchar.o)
 .debug_frame   0x0000000000000280       0x30 ../DE_seven_segment_display_bsp/\libhal_bsp.a(alt_load.o)
 .debug_frame   0x00000000000002b0       0x2c ../DE_seven_segment_display_bsp/\libhal_bsp.a(alt_main.o)
 .debug_frame   0x00000000000002dc       0x30 ../DE_seven_segment_display_bsp/\libhal_bsp.a(alt_putstr.o)
 .debug_frame   0x000000000000030c       0x3c ../DE_seven_segment_display_bsp/\libhal_bsp.a(alt_sys_init.o)
 .debug_frame   0x0000000000000348       0x20 ../DE_seven_segment_display_bsp/\libhal_bsp.a(altera_avalon_jtag_uart_read.o)
 .debug_frame   0x0000000000000368       0x20 ../DE_seven_segment_display_bsp/\libhal_bsp.a(altera_avalon_jtag_uart_write.o)
 .debug_frame   0x0000000000000388       0x20 ../DE_seven_segment_display_bsp/\libhal_bsp.a(alt_dcache_flush_all.o)
 .debug_frame   0x00000000000003a8       0x20 ../DE_seven_segment_display_bsp/\libhal_bsp.a(alt_dev.o)
 .debug_frame   0x00000000000003c8       0x20 ../DE_seven_segment_display_bsp/\libhal_bsp.a(alt_icache_flush_all.o)
 .debug_frame   0x00000000000003e8       0x20 ../DE_seven_segment_display_bsp/\libhal_bsp.a(altera_nios2_gen2_irq.o)
 .debug_frame   0x0000000000000408       0x20 c:/intelfpga_lite/18.1/nios2eds/bin/gnu/h-x86_64-mingw32/bin/../lib/gcc/nios2-elf/5.3.0/../../../../../H-x86_64-mingw32/nios2-elf/lib/mno-hw-mul\libsmallc.a(lib_a-strlen.o)

.debug_str      0x0000000000000000      0xb67
 *(.debug_str)
 .debug_str     0x0000000000000000      0x347 obj/default/hello_world_small.o
                                        0x392 (size before relaxing)
 .debug_str     0x0000000000000347      0x187 c:/intelfpga_lite/18.1/nios2eds/bin/gnu/h-x86_64-mingw32/bin/../lib/gcc/nios2-elf/5.3.0/mno-hw-mul\libgcc.a(lib2-divmod.o)
                                        0x1d2 (size before relaxing)
 .debug_str     0x00000000000004ce      0x139 ../DE_seven_segment_display_bsp/\libhal_bsp.a(alt_getchar.o)
                                        0x249 (size before relaxing)
 .debug_str     0x0000000000000607      0x11b ../DE_seven_segment_display_bsp/\libhal_bsp.a(alt_load.o)
                                        0x24f (size before relaxing)
 .debug_str     0x0000000000000722       0x5e ../DE_seven_segment_display_bsp/\libhal_bsp.a(alt_main.o)
                                        0x1c8 (size before relaxing)
 .debug_str     0x0000000000000780       0x3a ../DE_seven_segment_display_bsp/\libhal_bsp.a(alt_putstr.o)
                                        0x1a3 (size before relaxing)
 .debug_str     0x00000000000007ba       0x86 ../DE_seven_segment_display_bsp/\libhal_bsp.a(alt_sys_init.o)
                                        0x237 (size before relaxing)
 .debug_str     0x0000000000000840       0x3d ../DE_seven_segment_display_bsp/\libhal_bsp.a(altera_avalon_jtag_uart_read.o)
                                        0x232 (size before relaxing)
 .debug_str     0x000000000000087d       0x32 ../DE_seven_segment_display_bsp/\libhal_bsp.a(altera_avalon_jtag_uart_write.o)
                                        0x228 (size before relaxing)
 .debug_str     0x00000000000008af       0x1f ../DE_seven_segment_display_bsp/\libhal_bsp.a(alt_dcache_flush_all.o)
                                        0x168 (size before relaxing)
 .debug_str     0x00000000000008ce      0x120 ../DE_seven_segment_display_bsp/\libhal_bsp.a(alt_dev.o)
                                        0x318 (size before relaxing)
 .debug_str     0x00000000000009ee       0x1f ../DE_seven_segment_display_bsp/\libhal_bsp.a(alt_icache_flush_all.o)
                                        0x168 (size before relaxing)
 .debug_str     0x0000000000000a0d       0x20 ../DE_seven_segment_display_bsp/\libhal_bsp.a(altera_nios2_gen2_irq.o)
                                        0x16f (size before relaxing)
 .debug_str     0x0000000000000a2d      0x13a c:/intelfpga_lite/18.1/nios2eds/bin/gnu/h-x86_64-mingw32/bin/../lib/gcc/nios2-elf/5.3.0/../../../../../H-x86_64-mingw32/nios2-elf/lib/mno-hw-mul\libsmallc.a(lib_a-strlen.o)
                                        0x1e5 (size before relaxing)

.debug_loc      0x0000000000000000     0x1287
 *(.debug_loc)
 .debug_loc     0x0000000000000000      0xbeb obj/default/hello_world_small.o
 .debug_loc     0x0000000000000beb      0x4ce c:/intelfpga_lite/18.1/nios2eds/bin/gnu/h-x86_64-mingw32/bin/../lib/gcc/nios2-elf/5.3.0/mno-hw-mul\libgcc.a(lib2-divmod.o)
 .debug_loc     0x00000000000010b9       0x37 ../DE_seven_segment_display_bsp/\libhal_bsp.a(alt_putstr.o)
 .debug_loc     0x00000000000010f0       0x21 ../DE_seven_segment_display_bsp/\libhal_bsp.a(alt_sys_init.o)
 .debug_loc     0x0000000000001111       0xcd ../DE_seven_segment_display_bsp/\libhal_bsp.a(altera_avalon_jtag_uart_read.o)
 .debug_loc     0x00000000000011de       0x8b ../DE_seven_segment_display_bsp/\libhal_bsp.a(altera_avalon_jtag_uart_write.o)
 .debug_loc     0x0000000000001269       0x1e c:/intelfpga_lite/18.1/nios2eds/bin/gnu/h-x86_64-mingw32/bin/../lib/gcc/nios2-elf/5.3.0/../../../../../H-x86_64-mingw32/nios2-elf/lib/mno-hw-mul\libsmallc.a(lib_a-strlen.o)

.debug_macinfo
 *(.debug_macinfo)

.debug_weaknames
 *(.debug_weaknames)

.debug_funcnames
 *(.debug_funcnames)

.debug_typenames
 *(.debug_typenames)

.debug_varnames
 *(.debug_varnames)

.debug_alt_sim_info
                0x0000000000000000       0x10
 *(.debug_alt_sim_info)
 .debug_alt_sim_info
                0x0000000000000000       0x10 ../DE_seven_segment_display_bsp//obj/HAL/src/crt0.o
                0x0000000000020000                __alt_data_end = 0x20000
                0x0000000000020000                PROVIDE (__alt_stack_pointer, __alt_data_end)
                [!provide]                        PROVIDE (__alt_stack_limit, __alt_stack_base)
                [!provide]                        PROVIDE (__alt_heap_start, end)
                [!provide]                        PROVIDE (__alt_heap_limit, 0x20000)
OUTPUT(DE_seven_segment_display.elf elf32-littlenios2)

.debug_ranges   0x0000000000000000      0x160
 .debug_ranges  0x0000000000000000       0x20 ../DE_seven_segment_display_bsp//obj/HAL/src/crt0.o
 .debug_ranges  0x0000000000000020       0x68 obj/default/hello_world_small.o
 .debug_ranges  0x0000000000000088       0x60 c:/intelfpga_lite/18.1/nios2eds/bin/gnu/h-x86_64-mingw32/bin/../lib/gcc/nios2-elf/5.3.0/mno-hw-mul\libgcc.a(lib2-divmod.o)
 .debug_ranges  0x00000000000000e8       0x48 ../DE_seven_segment_display_bsp/\libhal_bsp.a(alt_load.o)
 .debug_ranges  0x0000000000000130       0x20 ../DE_seven_segment_display_bsp/\libhal_bsp.a(altera_avalon_jtag_uart_read.o)
 .debug_ranges  0x0000000000000150       0x10 c:/intelfpga_lite/18.1/nios2eds/bin/gnu/h-x86_64-mingw32/bin/../lib/gcc/nios2-elf/5.3.0/../../../../../H-x86_64-mingw32/nios2-elf/lib/mno-hw-mul\libsmallc.a(lib_a-strlen.o)
