Archive member included to satisfy reference by file (symbol)

c:/intelfpga_lite/18.1/nios2eds/bin/gnu/h-x86_64-mingw32/bin/../lib/gcc/nios2-elf/5.3.0/../../../../../H-x86_64-mingw32/nios2-elf/lib/mno-hw-mul\libsmallc.a(lib_a-strcmp.o)
                              obj/default/hello_world_small.o (strcmp)
../InfoProcCoursework_bsp/\libhal_bsp.a(alt_getchar.o)
                              obj/default/hello_world_small.o (alt_getchar)
../InfoProcCoursework_bsp/\libhal_bsp.a(alt_load.o)
                              ../InfoProcCoursework_bsp//obj/HAL/src/crt0.o (alt_load)
../InfoProcCoursework_bsp/\libhal_bsp.a(alt_main.o)
                              ../InfoProcCoursework_bsp//obj/HAL/src/crt0.o (alt_main)
../InfoProcCoursework_bsp/\libhal_bsp.a(alt_printf.o)
                              obj/default/hello_world_small.o (alt_printf)
../InfoProcCoursework_bsp/\libhal_bsp.a(alt_putchar.o)
                              ../InfoProcCoursework_bsp/\libhal_bsp.a(alt_printf.o) (alt_putchar)
../InfoProcCoursework_bsp/\libhal_bsp.a(alt_sys_init.o)
                              ../InfoProcCoursework_bsp/\libhal_bsp.a(alt_main.o) (alt_irq_init)
../InfoProcCoursework_bsp/\libhal_bsp.a(altera_avalon_jtag_uart_read.o)
                              ../InfoProcCoursework_bsp/\libhal_bsp.a(alt_getchar.o) (altera_avalon_jtag_uart_read)
../InfoProcCoursework_bsp/\libhal_bsp.a(altera_avalon_jtag_uart_write.o)
                              ../InfoProcCoursework_bsp/\libhal_bsp.a(alt_putchar.o) (altera_avalon_jtag_uart_write)
../InfoProcCoursework_bsp/\libhal_bsp.a(altera_up_avalon_accelerometer_spi.o)
                              obj/default/hello_world_small.o (alt_up_accelerometer_spi_open_dev)
../InfoProcCoursework_bsp/\libhal_bsp.a(alt_dcache_flush_all.o)
                              ../InfoProcCoursework_bsp/\libhal_bsp.a(alt_load.o) (alt_dcache_flush_all)
../InfoProcCoursework_bsp/\libhal_bsp.a(alt_dev.o)
                              ../InfoProcCoursework_bsp/\libhal_bsp.a(alt_getchar.o) (alt_fd_list)
../InfoProcCoursework_bsp/\libhal_bsp.a(alt_dev_llist_insert.o)
                              ../InfoProcCoursework_bsp/\libhal_bsp.a(alt_sys_init.o) (alt_dev_llist_insert)
../InfoProcCoursework_bsp/\libhal_bsp.a(alt_errno.o)
                              ../InfoProcCoursework_bsp/\libhal_bsp.a(alt_dev_llist_insert.o) (alt_errno)
../InfoProcCoursework_bsp/\libhal_bsp.a(alt_find_dev.o)
                              ../InfoProcCoursework_bsp/\libhal_bsp.a(altera_up_avalon_accelerometer_spi.o) (alt_find_dev)
../InfoProcCoursework_bsp/\libhal_bsp.a(alt_icache_flush_all.o)
                              ../InfoProcCoursework_bsp/\libhal_bsp.a(alt_load.o) (alt_icache_flush_all)
../InfoProcCoursework_bsp/\libhal_bsp.a(altera_nios2_gen2_irq.o)
                              ../InfoProcCoursework_bsp/\libhal_bsp.a(alt_sys_init.o) (altera_nios2_gen2_irq_init)
c:/intelfpga_lite/18.1/nios2eds/bin/gnu/h-x86_64-mingw32/bin/../lib/gcc/nios2-elf/5.3.0/../../../../../H-x86_64-mingw32/nios2-elf/lib/mno-hw-mul\libsmallc.a(lib_a-int_errno.o)
                              ../InfoProcCoursework_bsp/\libhal_bsp.a(alt_dev_llist_insert.o) (errno)
c:/intelfpga_lite/18.1/nios2eds/bin/gnu/h-x86_64-mingw32/bin/../lib/gcc/nios2-elf/5.3.0/../../../../../H-x86_64-mingw32/nios2-elf/lib/mno-hw-mul\libsmallc.a(lib_a-memcmp.o)
                              ../InfoProcCoursework_bsp/\libhal_bsp.a(alt_find_dev.o) (memcmp)
c:/intelfpga_lite/18.1/nios2eds/bin/gnu/h-x86_64-mingw32/bin/../lib/gcc/nios2-elf/5.3.0/../../../../../H-x86_64-mingw32/nios2-elf/lib/mno-hw-mul\libsmallc.a(lib_a-strlen.o)
                              ../InfoProcCoursework_bsp/\libhal_bsp.a(alt_find_dev.o) (strlen)

Allocating common symbols
Common symbol       size              file

errno               0x4               c:/intelfpga_lite/18.1/nios2eds/bin/gnu/h-x86_64-mingw32/bin/../lib/gcc/nios2-elf/5.3.0/../../../../../H-x86_64-mingw32/nios2-elf/lib/mno-hw-mul\libsmallc.a(lib_a-int_errno.o)
led                 0x1               obj/default/hello_world_small.o
level               0x4               obj/default/hello_world_small.o

Memory Configuration

Name             Origin             Length             Attributes
reset            0x0000000000010000 0x0000000000000020
onchip_memory    0x0000000000010020 0x000000000000ffe0
*default*        0x0000000000000000 0xffffffffffffffff

Linker script and memory map

LOAD ../InfoProcCoursework_bsp//obj/HAL/src/crt0.o
LOAD obj/default/hello_world_small.o
LOAD c:/intelfpga_lite/18.1/nios2eds/bin/gnu/h-x86_64-mingw32/bin/../lib/gcc/nios2-elf/5.3.0/../../../../../H-x86_64-mingw32/nios2-elf/lib/mno-hw-mul\libstdc++.a
LOAD c:/intelfpga_lite/18.1/nios2eds/bin/gnu/h-x86_64-mingw32/bin/../lib/gcc/nios2-elf/5.3.0/../../../../../H-x86_64-mingw32/nios2-elf/lib/mno-hw-mul\libm.a
LOAD c:/intelfpga_lite/18.1/nios2eds/bin/gnu/h-x86_64-mingw32/bin/../lib/gcc/nios2-elf/5.3.0/mno-hw-mul\libgcc.a
START GROUP
LOAD c:/intelfpga_lite/18.1/nios2eds/bin/gnu/h-x86_64-mingw32/bin/../lib/gcc/nios2-elf/5.3.0/../../../../../H-x86_64-mingw32/nios2-elf/lib/mno-hw-mul\libsmallc.a
LOAD c:/intelfpga_lite/18.1/nios2eds/bin/gnu/h-x86_64-mingw32/bin/../lib/gcc/nios2-elf/5.3.0/mno-hw-mul\libgcc.a
LOAD ../InfoProcCoursework_bsp/\libhal_bsp.a
LOAD c:/intelfpga_lite/18.1/nios2eds/bin/gnu/h-x86_64-mingw32/bin/../lib/gcc/nios2-elf/5.3.0/../../../../../H-x86_64-mingw32/nios2-elf/lib/mno-hw-mul\libm.a
END GROUP
LOAD c:/intelfpga_lite/18.1/nios2eds/bin/gnu/h-x86_64-mingw32/bin/../lib/gcc/nios2-elf/5.3.0/mno-hw-mul\libgcc.a
                0x0000000000010000                __alt_mem_onchip_memory = 0x10000

.entry          0x0000000000010000       0x20
 *(.entry)
 .entry         0x0000000000010000       0x20 ../InfoProcCoursework_bsp//obj/HAL/src/crt0.o
                0x0000000000010000                __reset
                0x000000000001000c                _exit

.exceptions     0x0000000000010020        0x0
                0x0000000000010020                PROVIDE (__ram_exceptions_start, ABSOLUTE (.))
                0x0000000000010020                . = ALIGN (0x20)
 *(.irq)
 *(.exceptions.entry.label)
 *(.exceptions.entry.user)
 *(.exceptions.entry.ecc_fatal)
 *(.exceptions.entry)
 *(.exceptions.irqtest.user)
 *(.exceptions.irqtest)
 *(.exceptions.irqhandler.user)
 *(.exceptions.irqhandler)
 *(.exceptions.irqreturn.user)
 *(.exceptions.irqreturn)
 *(.exceptions.notirq.label)
 *(.exceptions.notirq.user)
 *(.exceptions.notirq)
 *(.exceptions.soft.user)
 *(.exceptions.soft)
 *(.exceptions.unknown.user)
 *(.exceptions.unknown)
 *(.exceptions.exit.label)
 *(.exceptions.exit.user)
 *(.exceptions.exit)
 *(.exceptions)
                0x0000000000010020                PROVIDE (__ram_exceptions_end, ABSOLUTE (.))
                0x0000000000010020                PROVIDE (__flash_exceptions_start, LOADADDR (.exceptions))

.text           0x0000000000010020      0x8d8
                [!provide]                        PROVIDE (stext, ABSOLUTE (.))
 *(.interp)
 *(.hash)
 *(.dynsym)
 *(.dynstr)
 *(.gnu.version)
 *(.gnu.version_d)
 *(.gnu.version_r)
 *(.rel.init)
 *(.rela.init)
 *(.rel.text .rel.text.* .rel.gnu.linkonce.t.*)
 *(.rela.text .rela.text.* .rela.gnu.linkonce.t.*)
 *(.rel.fini)
 *(.rela.fini)
 *(.rel.rodata .rel.rodata.* .rel.gnu.linkonce.r.*)
 *(.rela.rodata .rela.rodata.* .rela.gnu.linkonce.r.*)
 *(.rel.data .rel.data.* .rel.gnu.linkonce.d.*)
 *(.rela.data .rela.data.* .rela.gnu.linkonce.d.*)
 *(.rel.tdata .rel.tdata.* .rel.gnu.linkonce.td.*)
 *(.rela.tdata .rela.tdata.* .rela.gnu.linkonce.td.*)
 *(.rel.tbss .rel.tbss.* .rel.gnu.linkonce.tb.*)
 *(.rela.tbss .rela.tbss.* .rela.gnu.linkonce.tb.*)
 *(.rel.ctors)
 *(.rela.ctors)
 *(.rel.dtors)
 *(.rela.dtors)
 *(.rel.got)
 *(.rela.got)
 *(.rel.sdata .rel.sdata.* .rel.gnu.linkonce.s.*)
 *(.rela.sdata .rela.sdata.* .rela.gnu.linkonce.s.*)
 *(.rel.sbss .rel.sbss.* .rel.gnu.linkonce.sb.*)
 *(.rela.sbss .rela.sbss.* .rela.gnu.linkonce.sb.*)
 *(.rel.sdata2 .rel.sdata2.* .rel.gnu.linkonce.s2.*)
 *(.rela.sdata2 .rela.sdata2.* .rela.gnu.linkonce.s2.*)
 *(.rel.sbss2 .rel.sbss2.* .rel.gnu.linkonce.sb2.*)
 *(.rela.sbss2 .rela.sbss2.* .rela.gnu.linkonce.sb2.*)
 *(.rel.bss .rel.bss.* .rel.gnu.linkonce.b.*)
 *(.rela.bss .rela.bss.* .rela.gnu.linkonce.b.*)
 *(.rel.plt)
 *(.rela.plt)
 *(.rel.dyn)
 *(.init)
 *(.plt)
 *(.text .stub .text.* .gnu.linkonce.t.*)
 .text          0x0000000000010020       0x3c ../InfoProcCoursework_bsp//obj/HAL/src/crt0.o
                0x0000000000010020                _start
 .text          0x000000000001005c      0x184 obj/default/hello_world_small.o
                0x000000000001005c                led_write
                0x0000000000010070                generate_text
                0x0000000000010124                read_chars
 .text.startup  0x00000000000101e0       0x74 obj/default/hello_world_small.o
                0x00000000000101e0                main
 .text          0x0000000000010254        0x0 c:/intelfpga_lite/18.1/nios2eds/bin/gnu/h-x86_64-mingw32/bin/../lib/gcc/nios2-elf/5.3.0/../../../../../H-x86_64-mingw32/nios2-elf/lib/mno-hw-mul\libsmallc.a(lib_a-strcmp.o)
 .text.strcmp   0x0000000000010254       0x38 c:/intelfpga_lite/18.1/nios2eds/bin/gnu/h-x86_64-mingw32/bin/../lib/gcc/nios2-elf/5.3.0/../../../../../H-x86_64-mingw32/nios2-elf/lib/mno-hw-mul\libsmallc.a(lib_a-strcmp.o)
                0x0000000000010254                strcmp
 .text          0x000000000001028c       0x44 ../InfoProcCoursework_bsp/\libhal_bsp.a(alt_getchar.o)
                0x000000000001028c                alt_getchar
 .text          0x00000000000102d0       0xe0 ../InfoProcCoursework_bsp/\libhal_bsp.a(alt_load.o)
                0x00000000000102d0                alt_load
 .text          0x00000000000103b0       0x2c ../InfoProcCoursework_bsp/\libhal_bsp.a(alt_main.o)
                0x00000000000103b0                alt_main
 .text          0x00000000000103dc      0x170 ../InfoProcCoursework_bsp/\libhal_bsp.a(alt_printf.o)
                0x00000000000103dc                alt_printf
 .text          0x000000000001054c       0x48 ../InfoProcCoursework_bsp/\libhal_bsp.a(alt_putchar.o)
                0x000000000001054c                alt_putchar
 .text          0x0000000000010594       0x30 ../InfoProcCoursework_bsp/\libhal_bsp.a(alt_sys_init.o)
                0x0000000000010594                alt_irq_init
                0x00000000000105b4                alt_sys_init
 .text          0x00000000000105c4       0x5c ../InfoProcCoursework_bsp/\libhal_bsp.a(altera_avalon_jtag_uart_read.o)
                0x00000000000105c4                altera_avalon_jtag_uart_read
 .text          0x0000000000010620       0x34 ../InfoProcCoursework_bsp/\libhal_bsp.a(altera_avalon_jtag_uart_write.o)
                0x0000000000010620                altera_avalon_jtag_uart_write
 .text          0x0000000000010654      0x160 ../InfoProcCoursework_bsp/\libhal_bsp.a(altera_up_avalon_accelerometer_spi.o)
                0x0000000000010654                alt_up_accelerometer_spi_open_dev
                0x000000000001065c                alt_up_accelerometer_spi_read_address_register
                0x0000000000010670                alt_up_accelerometer_spi_read
                0x0000000000010690                alt_up_accelerometer_spi_write
                0x00000000000106ac                alt_up_accelerometer_spi_read_x_axis
                0x0000000000010704                alt_up_accelerometer_spi_read_y_axis
                0x000000000001075c                alt_up_accelerometer_spi_read_z_axis
 .text          0x00000000000107b4        0x4 ../InfoProcCoursework_bsp/\libhal_bsp.a(alt_dcache_flush_all.o)
                0x00000000000107b4                alt_dcache_flush_all
 .text          0x00000000000107b8        0x8 ../InfoProcCoursework_bsp/\libhal_bsp.a(alt_dev.o)
 .text          0x00000000000107c0       0x6c ../InfoProcCoursework_bsp/\libhal_bsp.a(alt_dev_llist_insert.o)
                0x00000000000107c0                alt_dev_llist_insert
 .text          0x000000000001082c        0x0 ../InfoProcCoursework_bsp/\libhal_bsp.a(alt_errno.o)
 .text          0x000000000001082c       0x74 ../InfoProcCoursework_bsp/\libhal_bsp.a(alt_find_dev.o)
                0x000000000001082c                alt_find_dev
 .text          0x00000000000108a0        0x4 ../InfoProcCoursework_bsp/\libhal_bsp.a(alt_icache_flush_all.o)
                0x00000000000108a0                alt_icache_flush_all
 .text          0x00000000000108a4        0x8 ../InfoProcCoursework_bsp/\libhal_bsp.a(altera_nios2_gen2_irq.o)
                0x00000000000108a4                altera_nios2_gen2_irq_init
 .text          0x00000000000108ac        0x0 c:/intelfpga_lite/18.1/nios2eds/bin/gnu/h-x86_64-mingw32/bin/../lib/gcc/nios2-elf/5.3.0/../../../../../H-x86_64-mingw32/nios2-elf/lib/mno-hw-mul\libsmallc.a(lib_a-int_errno.o)
 .text          0x00000000000108ac        0x0 c:/intelfpga_lite/18.1/nios2eds/bin/gnu/h-x86_64-mingw32/bin/../lib/gcc/nios2-elf/5.3.0/../../../../../H-x86_64-mingw32/nios2-elf/lib/mno-hw-mul\libsmallc.a(lib_a-memcmp.o)
 .text.memcmp   0x00000000000108ac       0x30 c:/intelfpga_lite/18.1/nios2eds/bin/gnu/h-x86_64-mingw32/bin/../lib/gcc/nios2-elf/5.3.0/../../../../../H-x86_64-mingw32/nios2-elf/lib/mno-hw-mul\libsmallc.a(lib_a-memcmp.o)
                0x00000000000108ac                memcmp
 .text          0x00000000000108dc        0x0 c:/intelfpga_lite/18.1/nios2eds/bin/gnu/h-x86_64-mingw32/bin/../lib/gcc/nios2-elf/5.3.0/../../../../../H-x86_64-mingw32/nios2-elf/lib/mno-hw-mul\libsmallc.a(lib_a-strlen.o)
 .text.strlen   0x00000000000108dc       0x1c c:/intelfpga_lite/18.1/nios2eds/bin/gnu/h-x86_64-mingw32/bin/../lib/gcc/nios2-elf/5.3.0/../../../../../H-x86_64-mingw32/nios2-elf/lib/mno-hw-mul\libsmallc.a(lib_a-strlen.o)
                0x00000000000108dc                strlen
 *(.gnu.warning.*)
 *(.fini)
                [!provide]                        PROVIDE (__etext, ABSOLUTE (.))
                [!provide]                        PROVIDE (_etext, ABSOLUTE (.))
                [!provide]                        PROVIDE (etext, ABSOLUTE (.))
 *(.eh_frame_hdr)
                0x00000000000108f8                . = ALIGN (0x4)
                [!provide]                        PROVIDE (__preinit_array_start, ABSOLUTE (.))
 *(.preinit_array)
                [!provide]                        PROVIDE (__preinit_array_end, ABSOLUTE (.))
                [!provide]                        PROVIDE (__init_array_start, ABSOLUTE (.))
 *(.init_array)
                [!provide]                        PROVIDE (__init_array_end, ABSOLUTE (.))
                [!provide]                        PROVIDE (__fini_array_start, ABSOLUTE (.))
 *(.fini_array)
                [!provide]                        PROVIDE (__fini_array_end, ABSOLUTE (.))
 *(.eh_frame)
 *(.gcc_except_table .gcc_except_table.*)
 *(.dynamic)
                [!provide]                        PROVIDE (__CTOR_LIST__, ABSOLUTE (.))
 *(.ctors)
 *(SORT(.ctors.*))
                [!provide]                        PROVIDE (__CTOR_END__, ABSOLUTE (.))
                [!provide]                        PROVIDE (__DTOR_LIST__, ABSOLUTE (.))
 *(.dtors)
 *(SORT(.dtors.*))
                [!provide]                        PROVIDE (__DTOR_END__, ABSOLUTE (.))
 *(.jcr)
                0x00000000000108f8                . = ALIGN (0x4)

.rodata         0x00000000000108f8       0x34
                0x00000000000108f8                PROVIDE (__ram_rodata_start, ABSOLUTE (.))
                0x00000000000108f8                . = ALIGN (0x4)
 *(.rodata .rodata.* .gnu.linkonce.r.*)
 .rodata.str1.4
                0x00000000000108f8       0x26 obj/default/hello_world_small.o
 .rodata.str1.4
                0x000000000001091e       0x17 ../InfoProcCoursework_bsp/\libhal_bsp.a(alt_sys_init.o)
 *fill*         0x000000000001091e        0x2 
 .rodata.str1.4
                0x0000000000010920        0xc ../InfoProcCoursework_bsp/\libhal_bsp.a(alt_dev.o)
                                          0xa (size before relaxing)
 *(.rodata1)
                0x000000000001092c                . = ALIGN (0x4)
                0x000000000001092c                PROVIDE (__ram_rodata_end, ABSOLUTE (.))
                0x00000000000108f8                PROVIDE (__flash_rodata_start, LOADADDR (.rodata))

.rwdata         0x000000000001092c       0xa0 load address 0x00000000000109cc
                0x000000000001092c                PROVIDE (__ram_rwdata_start, ABSOLUTE (.))
                0x000000000001092c                . = ALIGN (0x4)
 *(.got.plt)
 *(.got)
 *(.data1)
 *(.data .data.* .gnu.linkonce.d.*)
 .data          0x000000000001092c        0x0 ../InfoProcCoursework_bsp//obj/HAL/src/crt0.o
 .data          0x000000000001092c        0x0 obj/default/hello_world_small.o
 .data          0x000000000001092c        0x0 c:/intelfpga_lite/18.1/nios2eds/bin/gnu/h-x86_64-mingw32/bin/../lib/gcc/nios2-elf/5.3.0/../../../../../H-x86_64-mingw32/nios2-elf/lib/mno-hw-mul\libsmallc.a(lib_a-strcmp.o)
 .data          0x000000000001092c        0x0 ../InfoProcCoursework_bsp/\libhal_bsp.a(alt_getchar.o)
 .data          0x000000000001092c        0x0 ../InfoProcCoursework_bsp/\libhal_bsp.a(alt_load.o)
 .data          0x000000000001092c        0x0 ../InfoProcCoursework_bsp/\libhal_bsp.a(alt_main.o)
 .data          0x000000000001092c        0x0 ../InfoProcCoursework_bsp/\libhal_bsp.a(alt_printf.o)
 .data          0x000000000001092c        0x0 ../InfoProcCoursework_bsp/\libhal_bsp.a(alt_putchar.o)
 .data          0x000000000001092c       0x2c ../InfoProcCoursework_bsp/\libhal_bsp.a(alt_sys_init.o)
 .data          0x0000000000010958        0x0 ../InfoProcCoursework_bsp/\libhal_bsp.a(altera_avalon_jtag_uart_read.o)
 .data          0x0000000000010958        0x0 ../InfoProcCoursework_bsp/\libhal_bsp.a(altera_avalon_jtag_uart_write.o)
 .data          0x0000000000010958        0x0 ../InfoProcCoursework_bsp/\libhal_bsp.a(altera_up_avalon_accelerometer_spi.o)
 .data          0x0000000000010958        0x0 ../InfoProcCoursework_bsp/\libhal_bsp.a(alt_dcache_flush_all.o)
 .data          0x0000000000010958       0x58 ../InfoProcCoursework_bsp/\libhal_bsp.a(alt_dev.o)
                0x0000000000010958                alt_fd_list
                0x0000000000010988                alt_dev_null
 .data          0x00000000000109b0        0x0 ../InfoProcCoursework_bsp/\libhal_bsp.a(alt_dev_llist_insert.o)
 .data          0x00000000000109b0        0x0 ../InfoProcCoursework_bsp/\libhal_bsp.a(alt_errno.o)
 .data          0x00000000000109b0        0x0 ../InfoProcCoursework_bsp/\libhal_bsp.a(alt_find_dev.o)
 .data          0x00000000000109b0        0x0 ../InfoProcCoursework_bsp/\libhal_bsp.a(alt_icache_flush_all.o)
 .data          0x00000000000109b0        0x0 ../InfoProcCoursework_bsp/\libhal_bsp.a(altera_nios2_gen2_irq.o)
 .data          0x00000000000109b0        0x0 c:/intelfpga_lite/18.1/nios2eds/bin/gnu/h-x86_64-mingw32/bin/../lib/gcc/nios2-elf/5.3.0/../../../../../H-x86_64-mingw32/nios2-elf/lib/mno-hw-mul\libsmallc.a(lib_a-int_errno.o)
 .data          0x00000000000109b0        0x0 c:/intelfpga_lite/18.1/nios2eds/bin/gnu/h-x86_64-mingw32/bin/../lib/gcc/nios2-elf/5.3.0/../../../../../H-x86_64-mingw32/nios2-elf/lib/mno-hw-mul\libsmallc.a(lib_a-memcmp.o)
 .data          0x00000000000109b0        0x0 c:/intelfpga_lite/18.1/nios2eds/bin/gnu/h-x86_64-mingw32/bin/../lib/gcc/nios2-elf/5.3.0/../../../../../H-x86_64-mingw32/nios2-elf/lib/mno-hw-mul\libsmallc.a(lib_a-strlen.o)
                0x00000000000189b0                _gp = ABSOLUTE ((. + 0x8000))
                [!provide]                        PROVIDE (gp, _gp)
 *(.rwdata .rwdata.*)
 *(.sdata .sdata.* .gnu.linkonce.s.*)
 .sdata         0x00000000000109b0        0x4 ../InfoProcCoursework_bsp/\libhal_bsp.a(alt_sys_init.o)
                0x00000000000109b0                jtag_uart
 .sdata         0x00000000000109b4       0x14 ../InfoProcCoursework_bsp/\libhal_bsp.a(alt_dev.o)
                0x00000000000109b4                alt_max_fd
                0x00000000000109b8                alt_dev_list
                0x00000000000109c0                alt_fs_list
 .sdata         0x00000000000109c8        0x4 ../InfoProcCoursework_bsp/\libhal_bsp.a(alt_errno.o)
                0x00000000000109c8                alt_errno
 *(.sdata2 .sdata2.* .gnu.linkonce.s2.*)
                0x00000000000109cc                . = ALIGN (0x4)
                0x00000000000109cc                _edata = ABSOLUTE (.)
                [!provide]                        PROVIDE (edata, ABSOLUTE (.))
                0x00000000000109cc                PROVIDE (__ram_rwdata_end, ABSOLUTE (.))
                0x00000000000109cc                PROVIDE (__flash_rwdata_start, LOADADDR (.rwdata))

.bss            0x0000000000010a6c       0x1c
                0x0000000000010a6c                __bss_start = ABSOLUTE (.)
                [!provide]                        PROVIDE (__sbss_start, ABSOLUTE (.))
                [!provide]                        PROVIDE (___sbss_start, ABSOLUTE (.))
 *(.dynsbss)
 *(.sbss .sbss.* .gnu.linkonce.sb.*)
 .sbss          0x0000000000010a6c        0x1 obj/default/hello_world_small.o
                0x0000000000010a6c                pwm
 *fill*         0x0000000000010a6d        0x3 
 .sbss          0x0000000000010a70        0x8 obj/default/hello_world_small.o
                0x0000000000010a70                led
                0x0000000000010a74                level
 .sbss          0x0000000000010a78        0xc ../InfoProcCoursework_bsp/\libhal_bsp.a(alt_main.o)
                0x0000000000010a78                alt_envp
                0x0000000000010a7c                alt_argv
                0x0000000000010a80                alt_argc
 .sbss          0x0000000000010a84        0x4 c:/intelfpga_lite/18.1/nios2eds/bin/gnu/h-x86_64-mingw32/bin/../lib/gcc/nios2-elf/5.3.0/../../../../../H-x86_64-mingw32/nios2-elf/lib/mno-hw-mul\libsmallc.a(lib_a-int_errno.o)
                0x0000000000010a84                errno
 *(.sbss2 .sbss2.* .gnu.linkonce.sb2.*)
 *(.scommon)
                [!provide]                        PROVIDE (__sbss_end, ABSOLUTE (.))
                [!provide]                        PROVIDE (___sbss_end, ABSOLUTE (.))
 *(.dynbss)
 *(.bss .bss.* .gnu.linkonce.b.*)
 .bss           0x0000000000010a88        0x0 ../InfoProcCoursework_bsp//obj/HAL/src/crt0.o
 .bss           0x0000000000010a88        0x0 obj/default/hello_world_small.o
 .bss           0x0000000000010a88        0x0 c:/intelfpga_lite/18.1/nios2eds/bin/gnu/h-x86_64-mingw32/bin/../lib/gcc/nios2-elf/5.3.0/../../../../../H-x86_64-mingw32/nios2-elf/lib/mno-hw-mul\libsmallc.a(lib_a-strcmp.o)
 .bss           0x0000000000010a88        0x0 ../InfoProcCoursework_bsp/\libhal_bsp.a(alt_getchar.o)
 .bss           0x0000000000010a88        0x0 ../InfoProcCoursework_bsp/\libhal_bsp.a(alt_load.o)
 .bss           0x0000000000010a88        0x0 ../InfoProcCoursework_bsp/\libhal_bsp.a(alt_main.o)
 .bss           0x0000000000010a88        0x0 ../InfoProcCoursework_bsp/\libhal_bsp.a(alt_printf.o)
 .bss           0x0000000000010a88        0x0 ../InfoProcCoursework_bsp/\libhal_bsp.a(alt_putchar.o)
 .bss           0x0000000000010a88        0x0 ../InfoProcCoursework_bsp/\libhal_bsp.a(alt_sys_init.o)
 .bss           0x0000000000010a88        0x0 ../InfoProcCoursework_bsp/\libhal_bsp.a(altera_avalon_jtag_uart_read.o)
 .bss           0x0000000000010a88        0x0 ../InfoProcCoursework_bsp/\libhal_bsp.a(altera_avalon_jtag_uart_write.o)
 .bss           0x0000000000010a88        0x0 ../InfoProcCoursework_bsp/\libhal_bsp.a(altera_up_avalon_accelerometer_spi.o)
 .bss           0x0000000000010a88        0x0 ../InfoProcCoursework_bsp/\libhal_bsp.a(alt_dcache_flush_all.o)
 .bss           0x0000000000010a88        0x0 ../InfoProcCoursework_bsp/\libhal_bsp.a(alt_dev.o)
 .bss           0x0000000000010a88        0x0 ../InfoProcCoursework_bsp/\libhal_bsp.a(alt_dev_llist_insert.o)
 .bss           0x0000000000010a88        0x0 ../InfoProcCoursework_bsp/\libhal_bsp.a(alt_errno.o)
 .bss           0x0000000000010a88        0x0 ../InfoProcCoursework_bsp/\libhal_bsp.a(alt_find_dev.o)
 .bss           0x0000000000010a88        0x0 ../InfoProcCoursework_bsp/\libhal_bsp.a(alt_icache_flush_all.o)
 .bss           0x0000000000010a88        0x0 ../InfoProcCoursework_bsp/\libhal_bsp.a(altera_nios2_gen2_irq.o)
 .bss           0x0000000000010a88        0x0 c:/intelfpga_lite/18.1/nios2eds/bin/gnu/h-x86_64-mingw32/bin/../lib/gcc/nios2-elf/5.3.0/../../../../../H-x86_64-mingw32/nios2-elf/lib/mno-hw-mul\libsmallc.a(lib_a-int_errno.o)
 .bss           0x0000000000010a88        0x0 c:/intelfpga_lite/18.1/nios2eds/bin/gnu/h-x86_64-mingw32/bin/../lib/gcc/nios2-elf/5.3.0/../../../../../H-x86_64-mingw32/nios2-elf/lib/mno-hw-mul\libsmallc.a(lib_a-memcmp.o)
 .bss           0x0000000000010a88        0x0 c:/intelfpga_lite/18.1/nios2eds/bin/gnu/h-x86_64-mingw32/bin/../lib/gcc/nios2-elf/5.3.0/../../../../../H-x86_64-mingw32/nios2-elf/lib/mno-hw-mul\libsmallc.a(lib_a-strlen.o)
 *(COMMON)
                0x0000000000010a88                . = ALIGN (0x4)
                0x0000000000010a88                __bss_end = ABSOLUTE (.)

.onchip_memory  0x0000000000010a88        0x0
                [!provide]                        PROVIDE (_alt_partition_onchip_memory_start, ABSOLUTE (.))
 *(.onchip_memory .onchip_memory. onchip_memory.*)
                0x0000000000010a88                . = ALIGN (0x4)
                [!provide]                        PROVIDE (_alt_partition_onchip_memory_end, ABSOLUTE (.))
                0x0000000000010a88                _end = ABSOLUTE (.)
                0x0000000000010a88                end = ABSOLUTE (.)
                0x0000000000010a88                __alt_stack_base = ABSOLUTE (.)
                [!provide]                        PROVIDE (_alt_partition_onchip_memory_load_addr, LOADADDR (.onchip_memory))

.stab
 *(.stab)

.stabstr
 *(.stabstr)

.stab.excl
 *(.stab.excl)

.stab.exclstr
 *(.stab.exclstr)

.stab.index
 *(.stab.index)

.stab.indexstr
 *(.stab.indexstr)

.comment        0x0000000000000000       0x23
 *(.comment)
 .comment       0x0000000000000000       0x23 obj/default/hello_world_small.o
                                         0x24 (size before relaxing)
 .comment       0x0000000000000023       0x24 c:/intelfpga_lite/18.1/nios2eds/bin/gnu/h-x86_64-mingw32/bin/../lib/gcc/nios2-elf/5.3.0/../../../../../H-x86_64-mingw32/nios2-elf/lib/mno-hw-mul\libsmallc.a(lib_a-strcmp.o)
 .comment       0x0000000000000023       0x24 ../InfoProcCoursework_bsp/\libhal_bsp.a(alt_getchar.o)
 .comment       0x0000000000000023       0x24 ../InfoProcCoursework_bsp/\libhal_bsp.a(alt_load.o)
 .comment       0x0000000000000023       0x24 ../InfoProcCoursework_bsp/\libhal_bsp.a(alt_main.o)
 .comment       0x0000000000000023       0x24 ../InfoProcCoursework_bsp/\libhal_bsp.a(alt_printf.o)
 .comment       0x0000000000000023       0x24 ../InfoProcCoursework_bsp/\libhal_bsp.a(alt_putchar.o)
 .comment       0x0000000000000023       0x24 ../InfoProcCoursework_bsp/\libhal_bsp.a(alt_sys_init.o)
 .comment       0x0000000000000023       0x24 ../InfoProcCoursework_bsp/\libhal_bsp.a(altera_avalon_jtag_uart_read.o)
 .comment       0x0000000000000023       0x24 ../InfoProcCoursework_bsp/\libhal_bsp.a(altera_avalon_jtag_uart_write.o)
 .comment       0x0000000000000023       0x24 ../InfoProcCoursework_bsp/\libhal_bsp.a(altera_up_avalon_accelerometer_spi.o)
 .comment       0x0000000000000023       0x24 ../InfoProcCoursework_bsp/\libhal_bsp.a(alt_dcache_flush_all.o)
 .comment       0x0000000000000023       0x24 ../InfoProcCoursework_bsp/\libhal_bsp.a(alt_dev.o)
 .comment       0x0000000000000023       0x24 ../InfoProcCoursework_bsp/\libhal_bsp.a(alt_dev_llist_insert.o)
 .comment       0x0000000000000023       0x24 ../InfoProcCoursework_bsp/\libhal_bsp.a(alt_errno.o)
 .comment       0x0000000000000023       0x24 ../InfoProcCoursework_bsp/\libhal_bsp.a(alt_find_dev.o)
 .comment       0x0000000000000023       0x24 ../InfoProcCoursework_bsp/\libhal_bsp.a(alt_icache_flush_all.o)
 .comment       0x0000000000000023       0x24 ../InfoProcCoursework_bsp/\libhal_bsp.a(altera_nios2_gen2_irq.o)
 .comment       0x0000000000000023       0x24 c:/intelfpga_lite/18.1/nios2eds/bin/gnu/h-x86_64-mingw32/bin/../lib/gcc/nios2-elf/5.3.0/../../../../../H-x86_64-mingw32/nios2-elf/lib/mno-hw-mul\libsmallc.a(lib_a-int_errno.o)
 .comment       0x0000000000000023       0x24 c:/intelfpga_lite/18.1/nios2eds/bin/gnu/h-x86_64-mingw32/bin/../lib/gcc/nios2-elf/5.3.0/../../../../../H-x86_64-mingw32/nios2-elf/lib/mno-hw-mul\libsmallc.a(lib_a-memcmp.o)
 .comment       0x0000000000000023       0x24 c:/intelfpga_lite/18.1/nios2eds/bin/gnu/h-x86_64-mingw32/bin/../lib/gcc/nios2-elf/5.3.0/../../../../../H-x86_64-mingw32/nios2-elf/lib/mno-hw-mul\libsmallc.a(lib_a-strlen.o)

.debug
 *(.debug)

.line
 *(.line)

.debug_srcinfo
 *(.debug_srcinfo)

.debug_sfnames
 *(.debug_sfnames)

.debug_aranges  0x0000000000000000      0x2c0
 *(.debug_aranges)
 .debug_aranges
                0x0000000000000000       0x28 ../InfoProcCoursework_bsp//obj/HAL/src/crt0.o
 .debug_aranges
                0x0000000000000028       0x28 obj/default/hello_world_small.o
 .debug_aranges
                0x0000000000000050       0x20 c:/intelfpga_lite/18.1/nios2eds/bin/gnu/h-x86_64-mingw32/bin/../lib/gcc/nios2-elf/5.3.0/../../../../../H-x86_64-mingw32/nios2-elf/lib/mno-hw-mul\libsmallc.a(lib_a-strcmp.o)
 .debug_aranges
                0x0000000000000070       0x20 ../InfoProcCoursework_bsp/\libhal_bsp.a(alt_getchar.o)
 .debug_aranges
                0x0000000000000090       0x20 ../InfoProcCoursework_bsp/\libhal_bsp.a(alt_load.o)
 .debug_aranges
                0x00000000000000b0       0x20 ../InfoProcCoursework_bsp/\libhal_bsp.a(alt_main.o)
 .debug_aranges
                0x00000000000000d0       0x20 ../InfoProcCoursework_bsp/\libhal_bsp.a(alt_printf.o)
 .debug_aranges
                0x00000000000000f0       0x20 ../InfoProcCoursework_bsp/\libhal_bsp.a(alt_putchar.o)
 .debug_aranges
                0x0000000000000110       0x20 ../InfoProcCoursework_bsp/\libhal_bsp.a(alt_sys_init.o)
 .debug_aranges
                0x0000000000000130       0x20 ../InfoProcCoursework_bsp/\libhal_bsp.a(altera_avalon_jtag_uart_read.o)
 .debug_aranges
                0x0000000000000150       0x20 ../InfoProcCoursework_bsp/\libhal_bsp.a(altera_avalon_jtag_uart_write.o)
 .debug_aranges
                0x0000000000000170       0x20 ../InfoProcCoursework_bsp/\libhal_bsp.a(altera_up_avalon_accelerometer_spi.o)
 .debug_aranges
                0x0000000000000190       0x20 ../InfoProcCoursework_bsp/\libhal_bsp.a(alt_dcache_flush_all.o)
 .debug_aranges
                0x00000000000001b0       0x20 ../InfoProcCoursework_bsp/\libhal_bsp.a(alt_dev.o)
 .debug_aranges
                0x00000000000001d0       0x20 ../InfoProcCoursework_bsp/\libhal_bsp.a(alt_dev_llist_insert.o)
 .debug_aranges
                0x00000000000001f0       0x18 ../InfoProcCoursework_bsp/\libhal_bsp.a(alt_errno.o)
 .debug_aranges
                0x0000000000000208       0x20 ../InfoProcCoursework_bsp/\libhal_bsp.a(alt_find_dev.o)
 .debug_aranges
                0x0000000000000228       0x20 ../InfoProcCoursework_bsp/\libhal_bsp.a(alt_icache_flush_all.o)
 .debug_aranges
                0x0000000000000248       0x20 ../InfoProcCoursework_bsp/\libhal_bsp.a(altera_nios2_gen2_irq.o)
 .debug_aranges
                0x0000000000000268       0x18 c:/intelfpga_lite/18.1/nios2eds/bin/gnu/h-x86_64-mingw32/bin/../lib/gcc/nios2-elf/5.3.0/../../../../../H-x86_64-mingw32/nios2-elf/lib/mno-hw-mul\libsmallc.a(lib_a-int_errno.o)
 .debug_aranges
                0x0000000000000280       0x20 c:/intelfpga_lite/18.1/nios2eds/bin/gnu/h-x86_64-mingw32/bin/../lib/gcc/nios2-elf/5.3.0/../../../../../H-x86_64-mingw32/nios2-elf/lib/mno-hw-mul\libsmallc.a(lib_a-memcmp.o)
 .debug_aranges
                0x00000000000002a0       0x20 c:/intelfpga_lite/18.1/nios2eds/bin/gnu/h-x86_64-mingw32/bin/../lib/gcc/nios2-elf/5.3.0/../../../../../H-x86_64-mingw32/nios2-elf/lib/mno-hw-mul\libsmallc.a(lib_a-strlen.o)

.debug_pubnames
 *(.debug_pubnames)

.debug_info     0x0000000000000000     0x2ae4
 *(.debug_info .gnu.linkonce.wi.*)
 .debug_info    0x0000000000000000       0x8f ../InfoProcCoursework_bsp//obj/HAL/src/crt0.o
 .debug_info    0x000000000000008f      0x610 obj/default/hello_world_small.o
 .debug_info    0x000000000000069f       0xbe c:/intelfpga_lite/18.1/nios2eds/bin/gnu/h-x86_64-mingw32/bin/../lib/gcc/nios2-elf/5.3.0/../../../../../H-x86_64-mingw32/nios2-elf/lib/mno-hw-mul\libsmallc.a(lib_a-strcmp.o)
 .debug_info    0x000000000000075d      0x32d ../InfoProcCoursework_bsp/\libhal_bsp.a(alt_getchar.o)
 .debug_info    0x0000000000000a8a      0x1c9 ../InfoProcCoursework_bsp/\libhal_bsp.a(alt_load.o)
 .debug_info    0x0000000000000c53      0x18f ../InfoProcCoursework_bsp/\libhal_bsp.a(alt_main.o)
 .debug_info    0x0000000000000de2      0x14d ../InfoProcCoursework_bsp/\libhal_bsp.a(alt_printf.o)
 .debug_info    0x0000000000000f2f      0x12a ../InfoProcCoursework_bsp/\libhal_bsp.a(alt_putchar.o)
 .debug_info    0x0000000000001059      0x459 ../InfoProcCoursework_bsp/\libhal_bsp.a(alt_sys_init.o)
 .debug_info    0x00000000000014b2      0x1ca ../InfoProcCoursework_bsp/\libhal_bsp.a(altera_avalon_jtag_uart_read.o)
 .debug_info    0x000000000000167c      0x1ad ../InfoProcCoursework_bsp/\libhal_bsp.a(altera_avalon_jtag_uart_write.o)
 .debug_info    0x0000000000001829      0x479 ../InfoProcCoursework_bsp/\libhal_bsp.a(altera_up_avalon_accelerometer_spi.o)
 .debug_info    0x0000000000001ca2       0x92 ../InfoProcCoursework_bsp/\libhal_bsp.a(alt_dcache_flush_all.o)
 .debug_info    0x0000000000001d34      0x499 ../InfoProcCoursework_bsp/\libhal_bsp.a(alt_dev.o)
 .debug_info    0x00000000000021cd      0x1b3 ../InfoProcCoursework_bsp/\libhal_bsp.a(alt_dev_llist_insert.o)
 .debug_info    0x0000000000002380       0xa6 ../InfoProcCoursework_bsp/\libhal_bsp.a(alt_errno.o)
 .debug_info    0x0000000000002426      0x32d ../InfoProcCoursework_bsp/\libhal_bsp.a(alt_find_dev.o)
 .debug_info    0x0000000000002753       0x92 ../InfoProcCoursework_bsp/\libhal_bsp.a(alt_icache_flush_all.o)
 .debug_info    0x00000000000027e5       0xb8 ../InfoProcCoursework_bsp/\libhal_bsp.a(altera_nios2_gen2_irq.o)
 .debug_info    0x000000000000289d       0x8a c:/intelfpga_lite/18.1/nios2eds/bin/gnu/h-x86_64-mingw32/bin/../lib/gcc/nios2-elf/5.3.0/../../../../../H-x86_64-mingw32/nios2-elf/lib/mno-hw-mul\libsmallc.a(lib_a-int_errno.o)
 .debug_info    0x0000000000002927       0xf4 c:/intelfpga_lite/18.1/nios2eds/bin/gnu/h-x86_64-mingw32/bin/../lib/gcc/nios2-elf/5.3.0/../../../../../H-x86_64-mingw32/nios2-elf/lib/mno-hw-mul\libsmallc.a(lib_a-memcmp.o)
 .debug_info    0x0000000000002a1b       0xc9 c:/intelfpga_lite/18.1/nios2eds/bin/gnu/h-x86_64-mingw32/bin/../lib/gcc/nios2-elf/5.3.0/../../../../../H-x86_64-mingw32/nios2-elf/lib/mno-hw-mul\libsmallc.a(lib_a-strlen.o)

.debug_abbrev   0x0000000000000000     0x1163
 *(.debug_abbrev)
 .debug_abbrev  0x0000000000000000       0x12 ../InfoProcCoursework_bsp//obj/HAL/src/crt0.o
 .debug_abbrev  0x0000000000000012      0x234 obj/default/hello_world_small.o
 .debug_abbrev  0x0000000000000246       0x63 c:/intelfpga_lite/18.1/nios2eds/bin/gnu/h-x86_64-mingw32/bin/../lib/gcc/nios2-elf/5.3.0/../../../../../H-x86_64-mingw32/nios2-elf/lib/mno-hw-mul\libsmallc.a(lib_a-strcmp.o)
 .debug_abbrev  0x00000000000002a9      0x11d ../InfoProcCoursework_bsp/\libhal_bsp.a(alt_getchar.o)
 .debug_abbrev  0x00000000000003c6       0xd8 ../InfoProcCoursework_bsp/\libhal_bsp.a(alt_load.o)
 .debug_abbrev  0x000000000000049e       0xf5 ../InfoProcCoursework_bsp/\libhal_bsp.a(alt_main.o)
 .debug_abbrev  0x0000000000000593       0xd5 ../InfoProcCoursework_bsp/\libhal_bsp.a(alt_printf.o)
 .debug_abbrev  0x0000000000000668       0xd2 ../InfoProcCoursework_bsp/\libhal_bsp.a(alt_putchar.o)
 .debug_abbrev  0x000000000000073a      0x1a5 ../InfoProcCoursework_bsp/\libhal_bsp.a(alt_sys_init.o)
 .debug_abbrev  0x00000000000008df      0x102 ../InfoProcCoursework_bsp/\libhal_bsp.a(altera_avalon_jtag_uart_read.o)
 .debug_abbrev  0x00000000000009e1       0xd5 ../InfoProcCoursework_bsp/\libhal_bsp.a(altera_avalon_jtag_uart_write.o)
 .debug_abbrev  0x0000000000000ab6      0x119 ../InfoProcCoursework_bsp/\libhal_bsp.a(altera_up_avalon_accelerometer_spi.o)
 .debug_abbrev  0x0000000000000bcf       0x42 ../InfoProcCoursework_bsp/\libhal_bsp.a(alt_dcache_flush_all.o)
 .debug_abbrev  0x0000000000000c11       0xd9 ../InfoProcCoursework_bsp/\libhal_bsp.a(alt_dev.o)
 .debug_abbrev  0x0000000000000cea      0x11c ../InfoProcCoursework_bsp/\libhal_bsp.a(alt_dev_llist_insert.o)
 .debug_abbrev  0x0000000000000e06       0x5a ../InfoProcCoursework_bsp/\libhal_bsp.a(alt_errno.o)
 .debug_abbrev  0x0000000000000e60      0x125 ../InfoProcCoursework_bsp/\libhal_bsp.a(alt_find_dev.o)
 .debug_abbrev  0x0000000000000f85       0x42 ../InfoProcCoursework_bsp/\libhal_bsp.a(alt_icache_flush_all.o)
 .debug_abbrev  0x0000000000000fc7       0x67 ../InfoProcCoursework_bsp/\libhal_bsp.a(altera_nios2_gen2_irq.o)
 .debug_abbrev  0x000000000000102e       0x37 c:/intelfpga_lite/18.1/nios2eds/bin/gnu/h-x86_64-mingw32/bin/../lib/gcc/nios2-elf/5.3.0/../../../../../H-x86_64-mingw32/nios2-elf/lib/mno-hw-mul\libsmallc.a(lib_a-int_errno.o)
 .debug_abbrev  0x0000000000001065       0x7f c:/intelfpga_lite/18.1/nios2eds/bin/gnu/h-x86_64-mingw32/bin/../lib/gcc/nios2-elf/5.3.0/../../../../../H-x86_64-mingw32/nios2-elf/lib/mno-hw-mul\libsmallc.a(lib_a-memcmp.o)
 .debug_abbrev  0x00000000000010e4       0x7f c:/intelfpga_lite/18.1/nios2eds/bin/gnu/h-x86_64-mingw32/bin/../lib/gcc/nios2-elf/5.3.0/../../../../../H-x86_64-mingw32/nios2-elf/lib/mno-hw-mul\libsmallc.a(lib_a-strlen.o)

.debug_line     0x0000000000000000     0x132c
 *(.debug_line)
 .debug_line    0x0000000000000000       0x66 ../InfoProcCoursework_bsp//obj/HAL/src/crt0.o
 .debug_line    0x0000000000000066      0x20e obj/default/hello_world_small.o
 .debug_line    0x0000000000000274       0xe7 c:/intelfpga_lite/18.1/nios2eds/bin/gnu/h-x86_64-mingw32/bin/../lib/gcc/nios2-elf/5.3.0/../../../../../H-x86_64-mingw32/nios2-elf/lib/mno-hw-mul\libsmallc.a(lib_a-strcmp.o)
 .debug_line    0x000000000000035b       0xb7 ../InfoProcCoursework_bsp/\libhal_bsp.a(alt_getchar.o)
 .debug_line    0x0000000000000412       0xa4 ../InfoProcCoursework_bsp/\libhal_bsp.a(alt_load.o)
 .debug_line    0x00000000000004b6       0xea ../InfoProcCoursework_bsp/\libhal_bsp.a(alt_main.o)
 .debug_line    0x00000000000005a0      0x112 ../InfoProcCoursework_bsp/\libhal_bsp.a(alt_printf.o)
 .debug_line    0x00000000000006b2       0x55 ../InfoProcCoursework_bsp/\libhal_bsp.a(alt_putchar.o)
 .debug_line    0x0000000000000707      0x178 ../InfoProcCoursework_bsp/\libhal_bsp.a(alt_sys_init.o)
 .debug_line    0x000000000000087f      0x10f ../InfoProcCoursework_bsp/\libhal_bsp.a(altera_avalon_jtag_uart_read.o)
 .debug_line    0x000000000000098e      0x104 ../InfoProcCoursework_bsp/\libhal_bsp.a(altera_avalon_jtag_uart_write.o)
 .debug_line    0x0000000000000a92      0x131 ../InfoProcCoursework_bsp/\libhal_bsp.a(altera_up_avalon_accelerometer_spi.o)
 .debug_line    0x0000000000000bc3       0x4e ../InfoProcCoursework_bsp/\libhal_bsp.a(alt_dcache_flush_all.o)
 .debug_line    0x0000000000000c11       0xf6 ../InfoProcCoursework_bsp/\libhal_bsp.a(alt_dev.o)
 .debug_line    0x0000000000000d07       0xd8 ../InfoProcCoursework_bsp/\libhal_bsp.a(alt_dev_llist_insert.o)
 .debug_line    0x0000000000000ddf       0x51 ../InfoProcCoursework_bsp/\libhal_bsp.a(alt_errno.o)
 .debug_line    0x0000000000000e30      0x107 ../InfoProcCoursework_bsp/\libhal_bsp.a(alt_find_dev.o)
 .debug_line    0x0000000000000f37       0x4e ../InfoProcCoursework_bsp/\libhal_bsp.a(alt_icache_flush_all.o)
 .debug_line    0x0000000000000f85       0x8c ../InfoProcCoursework_bsp/\libhal_bsp.a(altera_nios2_gen2_irq.o)
 .debug_line    0x0000000000001011       0x5f c:/intelfpga_lite/18.1/nios2eds/bin/gnu/h-x86_64-mingw32/bin/../lib/gcc/nios2-elf/5.3.0/../../../../../H-x86_64-mingw32/nios2-elf/lib/mno-hw-mul\libsmallc.a(lib_a-int_errno.o)
 .debug_line    0x0000000000001070      0x160 c:/intelfpga_lite/18.1/nios2eds/bin/gnu/h-x86_64-mingw32/bin/../lib/gcc/nios2-elf/5.3.0/../../../../../H-x86_64-mingw32/nios2-elf/lib/mno-hw-mul\libsmallc.a(lib_a-memcmp.o)
 .debug_line    0x00000000000011d0      0x15c c:/intelfpga_lite/18.1/nios2eds/bin/gnu/h-x86_64-mingw32/bin/../lib/gcc/nios2-elf/5.3.0/../../../../../H-x86_64-mingw32/nios2-elf/lib/mno-hw-mul\libsmallc.a(lib_a-strlen.o)

.debug_frame    0x0000000000000000      0x3fc
 *(.debug_frame)
 .debug_frame   0x0000000000000000       0xac obj/default/hello_world_small.o
 .debug_frame   0x00000000000000ac       0x20 c:/intelfpga_lite/18.1/nios2eds/bin/gnu/h-x86_64-mingw32/bin/../lib/gcc/nios2-elf/5.3.0/../../../../../H-x86_64-mingw32/nios2-elf/lib/mno-hw-mul\libsmallc.a(lib_a-strcmp.o)
 .debug_frame   0x00000000000000cc       0x2c ../InfoProcCoursework_bsp/\libhal_bsp.a(alt_getchar.o)
 .debug_frame   0x00000000000000f8       0x30 ../InfoProcCoursework_bsp/\libhal_bsp.a(alt_load.o)
 .debug_frame   0x0000000000000128       0x2c ../InfoProcCoursework_bsp/\libhal_bsp.a(alt_main.o)
 .debug_frame   0x0000000000000154       0x54 ../InfoProcCoursework_bsp/\libhal_bsp.a(alt_printf.o)
 .debug_frame   0x00000000000001a8       0x30 ../InfoProcCoursework_bsp/\libhal_bsp.a(alt_putchar.o)
 .debug_frame   0x00000000000001d8       0x3c ../InfoProcCoursework_bsp/\libhal_bsp.a(alt_sys_init.o)
 .debug_frame   0x0000000000000214       0x20 ../InfoProcCoursework_bsp/\libhal_bsp.a(altera_avalon_jtag_uart_read.o)
 .debug_frame   0x0000000000000234       0x20 ../InfoProcCoursework_bsp/\libhal_bsp.a(altera_avalon_jtag_uart_write.o)
 .debug_frame   0x0000000000000254       0x80 ../InfoProcCoursework_bsp/\libhal_bsp.a(altera_up_avalon_accelerometer_spi.o)
 .debug_frame   0x00000000000002d4       0x20 ../InfoProcCoursework_bsp/\libhal_bsp.a(alt_dcache_flush_all.o)
 .debug_frame   0x00000000000002f4       0x20 ../InfoProcCoursework_bsp/\libhal_bsp.a(alt_dev.o)
 .debug_frame   0x0000000000000314       0x2c ../InfoProcCoursework_bsp/\libhal_bsp.a(alt_dev_llist_insert.o)
 .debug_frame   0x0000000000000340       0x3c ../InfoProcCoursework_bsp/\libhal_bsp.a(alt_find_dev.o)
 .debug_frame   0x000000000000037c       0x20 ../InfoProcCoursework_bsp/\libhal_bsp.a(alt_icache_flush_all.o)
 .debug_frame   0x000000000000039c       0x20 ../InfoProcCoursework_bsp/\libhal_bsp.a(altera_nios2_gen2_irq.o)
 .debug_frame   0x00000000000003bc       0x20 c:/intelfpga_lite/18.1/nios2eds/bin/gnu/h-x86_64-mingw32/bin/../lib/gcc/nios2-elf/5.3.0/../../../../../H-x86_64-mingw32/nios2-elf/lib/mno-hw-mul\libsmallc.a(lib_a-memcmp.o)
 .debug_frame   0x00000000000003dc       0x20 c:/intelfpga_lite/18.1/nios2eds/bin/gnu/h-x86_64-mingw32/bin/../lib/gcc/nios2-elf/5.3.0/../../../../../H-x86_64-mingw32/nios2-elf/lib/mno-hw-mul\libsmallc.a(lib_a-strlen.o)

.debug_str      0x0000000000000000      0xc7c
 *(.debug_str)
 .debug_str     0x0000000000000000      0x313 obj/default/hello_world_small.o
                                        0x371 (size before relaxing)
 .debug_str     0x0000000000000313      0x133 c:/intelfpga_lite/18.1/nios2eds/bin/gnu/h-x86_64-mingw32/bin/../lib/gcc/nios2-elf/5.3.0/../../../../../H-x86_64-mingw32/nios2-elf/lib/mno-hw-mul\libsmallc.a(lib_a-strcmp.o)
                                        0x1d8 (size before relaxing)
 .debug_str     0x0000000000000446       0xc4 ../InfoProcCoursework_bsp/\libhal_bsp.a(alt_getchar.o)
                                        0x257 (size before relaxing)
 .debug_str     0x000000000000050a      0x113 ../InfoProcCoursework_bsp/\libhal_bsp.a(alt_load.o)
                                        0x25d (size before relaxing)
 .debug_str     0x000000000000061d       0x5e ../InfoProcCoursework_bsp/\libhal_bsp.a(alt_main.o)
                                        0x1ff (size before relaxing)
 .debug_str     0x000000000000067b       0x59 ../InfoProcCoursework_bsp/\libhal_bsp.a(alt_printf.o)
                                        0x127 (size before relaxing)
 .debug_str     0x00000000000006d4       0x34 ../InfoProcCoursework_bsp/\libhal_bsp.a(alt_putchar.o)
                                        0x1ac (size before relaxing)
 .debug_str     0x0000000000000708       0xfa ../InfoProcCoursework_bsp/\libhal_bsp.a(alt_sys_init.o)
                                        0x36b (size before relaxing)
 .debug_str     0x0000000000000802       0x3d ../InfoProcCoursework_bsp/\libhal_bsp.a(altera_avalon_jtag_uart_read.o)
                                        0x261 (size before relaxing)
 .debug_str     0x000000000000083f       0x32 ../InfoProcCoursework_bsp/\libhal_bsp.a(altera_avalon_jtag_uart_write.o)
                                        0x257 (size before relaxing)
 .debug_str     0x0000000000000871       0xb9 ../InfoProcCoursework_bsp/\libhal_bsp.a(altera_up_avalon_accelerometer_spi.o)
                                        0x36f (size before relaxing)
 .debug_str     0x000000000000092a       0x1f ../InfoProcCoursework_bsp/\libhal_bsp.a(alt_dcache_flush_all.o)
                                        0x176 (size before relaxing)
 .debug_str     0x0000000000000949      0x119 ../InfoProcCoursework_bsp/\libhal_bsp.a(alt_dev.o)
                                        0x326 (size before relaxing)
 .debug_str     0x0000000000000a62       0x4e ../InfoProcCoursework_bsp/\libhal_bsp.a(alt_dev_llist_insert.o)
                                        0x1ed (size before relaxing)
 .debug_str     0x0000000000000ab0       0x14 ../InfoProcCoursework_bsp/\libhal_bsp.a(alt_errno.o)
                                        0x166 (size before relaxing)
 .debug_str     0x0000000000000ac4       0x25 ../InfoProcCoursework_bsp/\libhal_bsp.a(alt_find_dev.o)
                                        0x21b (size before relaxing)
 .debug_str     0x0000000000000ae9       0x1f ../InfoProcCoursework_bsp/\libhal_bsp.a(alt_icache_flush_all.o)
                                        0x176 (size before relaxing)
 .debug_str     0x0000000000000b08       0x20 ../InfoProcCoursework_bsp/\libhal_bsp.a(altera_nios2_gen2_irq.o)
                                        0x1a6 (size before relaxing)
 .debug_str     0x0000000000000b28       0xd3 c:/intelfpga_lite/18.1/nios2eds/bin/gnu/h-x86_64-mingw32/bin/../lib/gcc/nios2-elf/5.3.0/../../../../../H-x86_64-mingw32/nios2-elf/lib/mno-hw-mul\libsmallc.a(lib_a-int_errno.o)
                                        0x1d8 (size before relaxing)
 .debug_str     0x0000000000000bfb       0x44 c:/intelfpga_lite/18.1/nios2eds/bin/gnu/h-x86_64-mingw32/bin/../lib/gcc/nios2-elf/5.3.0/../../../../../H-x86_64-mingw32/nios2-elf/lib/mno-hw-mul\libsmallc.a(lib_a-memcmp.o)
                                        0x1df (size before relaxing)
 .debug_str     0x0000000000000c3f       0x3d c:/intelfpga_lite/18.1/nios2eds/bin/gnu/h-x86_64-mingw32/bin/../lib/gcc/nios2-elf/5.3.0/../../../../../H-x86_64-mingw32/nios2-elf/lib/mno-hw-mul\libsmallc.a(lib_a-strlen.o)
                                        0x1e5 (size before relaxing)

.debug_loc      0x0000000000000000      0x782
 *(.debug_loc)
 .debug_loc     0x0000000000000000      0x1b2 obj/default/hello_world_small.o
 .debug_loc     0x00000000000001b2       0x3c c:/intelfpga_lite/18.1/nios2eds/bin/gnu/h-x86_64-mingw32/bin/../lib/gcc/nios2-elf/5.3.0/../../../../../H-x86_64-mingw32/nios2-elf/lib/mno-hw-mul\libsmallc.a(lib_a-strcmp.o)
 .debug_loc     0x00000000000001ee      0x1de ../InfoProcCoursework_bsp/\libhal_bsp.a(alt_printf.o)
 .debug_loc     0x00000000000003cc       0x2c ../InfoProcCoursework_bsp/\libhal_bsp.a(alt_putchar.o)
 .debug_loc     0x00000000000003f8       0x21 ../InfoProcCoursework_bsp/\libhal_bsp.a(alt_sys_init.o)
 .debug_loc     0x0000000000000419       0xcd ../InfoProcCoursework_bsp/\libhal_bsp.a(altera_avalon_jtag_uart_read.o)
 .debug_loc     0x00000000000004e6       0x8b ../InfoProcCoursework_bsp/\libhal_bsp.a(altera_avalon_jtag_uart_write.o)
 .debug_loc     0x0000000000000571       0x63 ../InfoProcCoursework_bsp/\libhal_bsp.a(altera_up_avalon_accelerometer_spi.o)
 .debug_loc     0x00000000000005d4       0x7e ../InfoProcCoursework_bsp/\libhal_bsp.a(alt_dev_llist_insert.o)
 .debug_loc     0x0000000000000652       0x7e ../InfoProcCoursework_bsp/\libhal_bsp.a(alt_find_dev.o)
 .debug_loc     0x00000000000006d0       0x94 c:/intelfpga_lite/18.1/nios2eds/bin/gnu/h-x86_64-mingw32/bin/../lib/gcc/nios2-elf/5.3.0/../../../../../H-x86_64-mingw32/nios2-elf/lib/mno-hw-mul\libsmallc.a(lib_a-memcmp.o)
 .debug_loc     0x0000000000000764       0x1e c:/intelfpga_lite/18.1/nios2eds/bin/gnu/h-x86_64-mingw32/bin/../lib/gcc/nios2-elf/5.3.0/../../../../../H-x86_64-mingw32/nios2-elf/lib/mno-hw-mul\libsmallc.a(lib_a-strlen.o)

.debug_macinfo
 *(.debug_macinfo)

.debug_weaknames
 *(.debug_weaknames)

.debug_funcnames
 *(.debug_funcnames)

.debug_typenames
 *(.debug_typenames)

.debug_varnames
 *(.debug_varnames)

.debug_alt_sim_info
                0x0000000000000000       0x10
 *(.debug_alt_sim_info)
 .debug_alt_sim_info
                0x0000000000000000       0x10 ../InfoProcCoursework_bsp//obj/HAL/src/crt0.o
                0x0000000000020000                __alt_data_end = 0x20000
                0x0000000000020000                PROVIDE (__alt_stack_pointer, __alt_data_end)
                [!provide]                        PROVIDE (__alt_stack_limit, __alt_stack_base)
                [!provide]                        PROVIDE (__alt_heap_start, end)
                [!provide]                        PROVIDE (__alt_heap_limit, 0x20000)
OUTPUT(InfoProcCoursework.elf elf32-littlenios2)

.debug_ranges   0x0000000000000000      0x168
 .debug_ranges  0x0000000000000000       0x20 ../InfoProcCoursework_bsp//obj/HAL/src/crt0.o
 .debug_ranges  0x0000000000000020       0x60 obj/default/hello_world_small.o
 .debug_ranges  0x0000000000000080       0x10 c:/intelfpga_lite/18.1/nios2eds/bin/gnu/h-x86_64-mingw32/bin/../lib/gcc/nios2-elf/5.3.0/../../../../../H-x86_64-mingw32/nios2-elf/lib/mno-hw-mul\libsmallc.a(lib_a-strcmp.o)
 .debug_ranges  0x0000000000000090       0x48 ../InfoProcCoursework_bsp/\libhal_bsp.a(alt_load.o)
 .debug_ranges  0x00000000000000d8       0x18 ../InfoProcCoursework_bsp/\libhal_bsp.a(alt_printf.o)
 .debug_ranges  0x00000000000000f0       0x18 ../InfoProcCoursework_bsp/\libhal_bsp.a(alt_sys_init.o)
 .debug_ranges  0x0000000000000108       0x20 ../InfoProcCoursework_bsp/\libhal_bsp.a(altera_avalon_jtag_uart_read.o)
 .debug_ranges  0x0000000000000128       0x20 ../InfoProcCoursework_bsp/\libhal_bsp.a(alt_dev_llist_insert.o)
 .debug_ranges  0x0000000000000148       0x10 c:/intelfpga_lite/18.1/nios2eds/bin/gnu/h-x86_64-mingw32/bin/../lib/gcc/nios2-elf/5.3.0/../../../../../H-x86_64-mingw32/nios2-elf/lib/mno-hw-mul\libsmallc.a(lib_a-memcmp.o)
 .debug_ranges  0x0000000000000158       0x10 c:/intelfpga_lite/18.1/nios2eds/bin/gnu/h-x86_64-mingw32/bin/../lib/gcc/nios2-elf/5.3.0/../../../../../H-x86_64-mingw32/nios2-elf/lib/mno-hw-mul\libsmallc.a(lib_a-strlen.o)
